Component: ARM Compiler 5.06 update 6 (build 750) Tool: armlink [4d35ed]

==============================================================================

Section Cross References

    main.o(i.main) refers to stm32f1xx_hal.o(i.HAL_Init) for HAL_Init
    main.o(i.main) refers to rcc_hse.o(i.Rcc_HSE) for Rcc_HSE
    main.o(i.main) refers to delay.o(i.TIM2_Init) for TIM2_Init
    main.o(i.main) refers to uart_init.o(i.MX_USART1_UART_Init) for MX_USART1_UART_Init
    main.o(i.main) refers to mq4.o(i.MQ4_ADC_Init) for MQ4_ADC_Init
    main.o(i.main) refers to delay.o(i.delay_ms) for delay_ms
    main.o(i.main) refers to mq4.o(i.MQ4_GO) for MQ4_GO
    main.o(i.main) refers to dht11.o(i.DHT11_ReadData) for DHT11_ReadData
    main.o(i.main) refers to uart_init.o(i.UART_SendABC) for UART_SendABC
    main.o(i.main) refers to main.o(.data) for Yata
    stm32f1xx_hal.o(i.HAL_DeInit) refers to stm32f1xx_hal_msp_template.o(i.HAL_MspDeInit) for HAL_MspDeInit
    stm32f1xx_hal.o(i.HAL_Delay) refers to stm32f1xx_hal.o(i.HAL_GetTick) for HAL_GetTick
    stm32f1xx_hal.o(i.HAL_Delay) refers to stm32f1xx_hal.o(.data) for uwTickFreq
    stm32f1xx_hal.o(i.HAL_GetTick) refers to stm32f1xx_hal.o(.data) for uwTick
    stm32f1xx_hal.o(i.HAL_GetTickFreq) refers to stm32f1xx_hal.o(.data) for uwTickFreq
    stm32f1xx_hal.o(i.HAL_GetTickPrio) refers to stm32f1xx_hal.o(.data) for uwTickPrio
    stm32f1xx_hal.o(i.HAL_IncTick) refers to stm32f1xx_hal.o(.data) for uwTick
    stm32f1xx_hal.o(i.HAL_Init) refers to stm32f1xx_hal_cortex.o(i.HAL_NVIC_SetPriorityGrouping) for HAL_NVIC_SetPriorityGrouping
    stm32f1xx_hal.o(i.HAL_Init) refers to stm32f1xx_hal.o(i.HAL_InitTick) for HAL_InitTick
    stm32f1xx_hal.o(i.HAL_Init) refers to stm32f1xx_hal_msp_template.o(i.HAL_MspInit) for HAL_MspInit
    stm32f1xx_hal.o(i.HAL_InitTick) refers to stm32f1xx_hal_cortex.o(i.HAL_SYSTICK_Config) for HAL_SYSTICK_Config
    stm32f1xx_hal.o(i.HAL_InitTick) refers to stm32f1xx_hal_cortex.o(i.HAL_NVIC_SetPriority) for HAL_NVIC_SetPriority
    stm32f1xx_hal.o(i.HAL_InitTick) refers to stm32f1xx_hal.o(.data) for uwTickFreq
    stm32f1xx_hal.o(i.HAL_InitTick) refers to system_stm32f1xx.o(.data) for SystemCoreClock
    stm32f1xx_hal.o(i.HAL_SetTickFreq) refers to stm32f1xx_hal.o(i.HAL_InitTick) for HAL_InitTick
    stm32f1xx_hal.o(i.HAL_SetTickFreq) refers to stm32f1xx_hal.o(.data) for uwTickFreq
    stm32f1xx_hal_adc.o(i.ADC_ConversionStop_Disable) refers to stm32f1xx_hal.o(i.HAL_GetTick) for HAL_GetTick
    stm32f1xx_hal_adc.o(i.ADC_DMAConvCplt) refers to stm32f1xx_hal_adc.o(i.HAL_ADC_ConvCpltCallback) for HAL_ADC_ConvCpltCallback
    stm32f1xx_hal_adc.o(i.ADC_DMAError) refers to stm32f1xx_hal_adc.o(i.HAL_ADC_ErrorCallback) for HAL_ADC_ErrorCallback
    stm32f1xx_hal_adc.o(i.ADC_DMAHalfConvCplt) refers to stm32f1xx_hal_adc.o(i.HAL_ADC_ConvHalfCpltCallback) for HAL_ADC_ConvHalfCpltCallback
    stm32f1xx_hal_adc.o(i.ADC_Enable) refers to stm32f1xx_hal.o(i.HAL_GetTick) for HAL_GetTick
    stm32f1xx_hal_adc.o(i.ADC_Enable) refers to system_stm32f1xx.o(.data) for SystemCoreClock
    stm32f1xx_hal_adc.o(i.HAL_ADC_ConfigChannel) refers to system_stm32f1xx.o(.data) for SystemCoreClock
    stm32f1xx_hal_adc.o(i.HAL_ADC_DeInit) refers to stm32f1xx_hal_adc.o(i.ADC_ConversionStop_Disable) for ADC_ConversionStop_Disable
    stm32f1xx_hal_adc.o(i.HAL_ADC_DeInit) refers to stm32f1xx_hal_adc.o(i.HAL_ADC_MspDeInit) for HAL_ADC_MspDeInit
    stm32f1xx_hal_adc.o(i.HAL_ADC_IRQHandler) refers to stm32f1xx_hal_adc.o(i.HAL_ADC_ConvCpltCallback) for HAL_ADC_ConvCpltCallback
    stm32f1xx_hal_adc.o(i.HAL_ADC_IRQHandler) refers to stm32f1xx_hal_adc_ex.o(i.HAL_ADCEx_InjectedConvCpltCallback) for HAL_ADCEx_InjectedConvCpltCallback
    stm32f1xx_hal_adc.o(i.HAL_ADC_IRQHandler) refers to stm32f1xx_hal_adc.o(i.HAL_ADC_LevelOutOfWindowCallback) for HAL_ADC_LevelOutOfWindowCallback
    stm32f1xx_hal_adc.o(i.HAL_ADC_Init) refers to mq4.o(i.HAL_ADC_MspInit) for HAL_ADC_MspInit
    stm32f1xx_hal_adc.o(i.HAL_ADC_Init) refers to stm32f1xx_hal_adc.o(i.ADC_ConversionStop_Disable) for ADC_ConversionStop_Disable
    stm32f1xx_hal_adc.o(i.HAL_ADC_PollForConversion) refers to stm32f1xx_hal.o(i.HAL_GetTick) for HAL_GetTick
    stm32f1xx_hal_adc.o(i.HAL_ADC_PollForConversion) refers to stm32f1xx_hal_rcc_ex.o(i.HAL_RCCEx_GetPeriphCLKFreq) for HAL_RCCEx_GetPeriphCLKFreq
    stm32f1xx_hal_adc.o(i.HAL_ADC_PollForConversion) refers to system_stm32f1xx.o(.data) for SystemCoreClock
    stm32f1xx_hal_adc.o(i.HAL_ADC_PollForEvent) refers to stm32f1xx_hal.o(i.HAL_GetTick) for HAL_GetTick
    stm32f1xx_hal_adc.o(i.HAL_ADC_Start) refers to stm32f1xx_hal_adc.o(i.ADC_Enable) for ADC_Enable
    stm32f1xx_hal_adc.o(i.HAL_ADC_Start_DMA) refers to stm32f1xx_hal_adc.o(i.ADC_Enable) for ADC_Enable
    stm32f1xx_hal_adc.o(i.HAL_ADC_Start_DMA) refers to stm32f1xx_hal_dma.o(i.HAL_DMA_Start_IT) for HAL_DMA_Start_IT
    stm32f1xx_hal_adc.o(i.HAL_ADC_Start_DMA) refers to stm32f1xx_hal_adc.o(i.ADC_DMAConvCplt) for ADC_DMAConvCplt
[...]
    ../clib/armsys.c                         0x00000000   Number         0  argv_veneer.o ABSOLUTE
    ../clib/armsys.c                         0x00000000   Number         0  argv_veneer.o ABSOLUTE
    ../clib/heapalloc.c                      0x00000000   Number         0  hrguard.o ABSOLUTE
    ../clib/heapaux.c                        0x00000000   Number         0  heapauxi.o ABSOLUTE
    ../clib/libinit.s                        0x00000000   Number         0  libinit.o ABSOLUTE
    ../clib/libinit.s                        0x00000000   Number         0  libshutdown.o ABSOLUTE
    ../clib/libinit.s                        0x00000000   Number         0  libshutdown2.o ABSOLUTE
    ../clib/libinit.s                        0x00000000   Number         0  libinit2.o ABSOLUTE
    ../clib/longlong.s                       0x00000000   Number         0  llushr.o ABSOLUTE
    ../clib/memcpset.s                       0x00000000   Number         0  rt_memcpy_w.o ABSOLUTE
    ../clib/printf.c                         0x00000000   Number         0  noretval__2snprintf.o ABSOLUTE
    ../clib/printf.c                         0x00000000   Number         0  _snputc.o ABSOLUTE
    ../clib/printf.c                         0x00000000   Number         0  __printf.o ABSOLUTE
    ../clib/printf.c                         0x00000000   Number         0  __2snprintf.o ABSOLUTE
    ../clib/printf.c                         0x00000000   Number         0  _printf_dec.o ABSOLUTE
    ../clib/printf.c                         0x00000000   Number         0  __printf_flags.o ABSOLUTE
    ../clib/printf.c                         0x00000000   Number         0  __printf_ss.o ABSOLUTE
    ../clib/printf.c                         0x00000000   Number         0  __printf_flags_wp.o ABSOLUTE
    ../clib/printf.c                         0x00000000   Number         0  _printf_intcommon.o ABSOLUTE
    ../clib/printf.c                         0x00000000   Number         0  __printf_flags_ss.o ABSOLUTE
    ../clib/printf.c                         0x00000000   Number         0  __printf_wp.o ABSOLUTE
    ../clib/printf.c                         0x00000000   Number         0  __printf_nopercent.o ABSOLUTE
    ../clib/printf.c                         0x00000000   Number         0  __printf_ss_wp.o ABSOLUTE
    ../clib/printf.c                         0x00000000   Number         0  _printf_char_common.o ABSOLUTE
    ../clib/printf.c                         0x00000000   Number         0  __printf_flags_ss_wp.o ABSOLUTE
    ../clib/printf.c                         0x00000000   Number         0  _sputc.o ABSOLUTE
    ../clib/printf_percent.s                 0x00000000   Number         0  _printf_percent_end.o ABSOLUTE
    ../clib/printf_percent.s                 0x00000000   Number         0  _printf_d.o ABSOLUTE
    ../clib/printf_percent.s                 0x00000000   Number         0  _printf_percent.o ABSOLUTE
    ../clib/printf_percent.s                 0x00000000   Number         0  _printf_u.o ABSOLUTE
    ../clib/signal.c                         0x00000000   Number         0  defsig_rtmem_formal.o ABSOLUTE
    ../clib/signal.c                         0x00000000   Number         0  defsig_rtmem_outer.o ABSOLUTE
    ../clib/signal.c                         0x00000000   Number         0  defsig_exit.o ABSOLUTE
    ../clib/signal.c                         0x00000000   Number         0  defsig_other.o ABSOLUTE
    ../clib/signal.c                         0x00000000   Number         0  defsig_cppl_inner.o ABSOLUTE
    ../clib/signal.c                         0x00000000   Number         0  defsig_pvfn_inner.o ABSOLUTE
    ../clib/signal.c                         0x00000000   Number         0  defsig_stak_inner.o ABSOLUTE
    ../clib/signal.c                         0x00000000   Number         0  defsig_rtred_inner.o ABSOLUTE
    ../clib/signal.c                         0x00000000   Number         0  defsig_fpe_inner.o ABSOLUTE
    ../clib/signal.c                         0x00000000   Number         0  defsig_abrt_inner.o ABSOLUTE
    ../clib/signal.c                         0x00000000   Number         0  defsig_general.o ABSOLUTE
    ../clib/signal.c                         0x00000000   Number         0  __raise.o ABSOLUTE
    ../clib/signal.c                         0x00000000   Number         0  defsig_segv_inner.o ABSOLUTE
    ../clib/signal.c                         0x00000000   Number         0  defsig_rtmem_inner.o ABSOLUTE
    ../clib/signal.s                         0x00000000   Number         0  defsig.o ABSOLUTE
    ../clib/stdlib.c                         0x00000000   Number         0  exit.o ABSOLUTE
    ../clib/string.c                         0x00000000   Number         0  strlen.o ABSOLUTE
    ../fplib/d2f.s                           0x00000000   Number         0  d2f.o ABSOLUTE
    ../fplib/daddsub.s                       0x00000000   Number         0  daddsub_clz.o ABSOLUTE
    ../fplib/ddiv.s                          0x00000000   Number         0  ddiv.o ABSOLUTE
    ../fplib/dfixu.s                         0x00000000   Number         0  dfixu.o ABSOLUTE
    ../fplib/dmul.s                          0x00000000   Number         0  dmul.o ABSOLUTE
    ../fplib/dnaninf.s                       0x00000000   Number         0  dnaninf.o ABSOLUTE
    ../fplib/dretinf.s                       0x00000000   Number         0  dretinf.o ABSOLUTE
    ../fplib/f2d.s                           0x00000000   Number         0  f2d.o ABSOLUTE
    ../fplib/fflt.s                          0x00000000   Number         0  fflt_clz.o ABSOLUTE
    ../fplib/fnaninf.s                       0x00000000   Number         0  fnaninf.o ABSOLUTE
    ../fplib/fpinit.s                        0x00000000   Number         0  fpinit.o ABSOLUTE
    ../fplib/fretinf.s                       0x00000000   Number         0  fretinf.o ABSOLUTE
    ../fplib/usenofp.s                       0x00000000   Number         0  usenofp.o ABSOLUTE
    ..\CMSIS\source\startup_stm32f103xb.s    0x00000000   Number         0  startup_stm32f103xb.o ABSOLUTE
    ..\CMSIS\source\system_stm32f1xx.c       0x00000000   Number         0  system_stm32f1xx.o ABSOLUTE
    ..\HW\Src\DHT11.c                        0x00000000   Number         0  dht11.o ABSOLUTE
    ..\HW\Src\Delay.c                        0x00000000   Number         0  delay.o ABSOLUTE
    ..\HW\Src\MQ4.c                          0x00000000   Number         0  mq4.o ABSOLUTE
    ..\HW\Src\Oled.c                         0x00000000   Number         0  oled.o ABSOLUTE
    ..\HW\Src\Rcc_HSE.c                      0x00000000   Number         0  rcc_hse.o ABSOLUTE
    ..\HW\Src\iic_init.c                     0x00000000   Number         0  iic_init.o ABSOLUTE
    ..\HW\Src\stm32f1xx_it.c                 0x00000000   Number         0  stm32f1xx_it.o ABSOLUTE
    ..\HW\Src\uart_init.c                    0x00000000   Number         0  uart_init.o ABSOLUTE
    ..\LIB\Src\stm32f1xx_hal.c               0x00000000   Number         0  stm32f1xx_hal.o ABSOLUTE
    ..\LIB\Src\stm32f1xx_hal_adc.c           0x00000000   Number         0  stm32f1xx_hal_adc.o ABSOLUTE
    ..\LIB\Src\stm32f1xx_hal_adc_ex.c        0x00000000   Number         0  stm32f1xx_hal_adc_ex.o ABSOLUTE
    ..\LIB\Src\stm32f1xx_hal_can.c           0x00000000   Number         0  stm32f1xx_hal_can.o ABSOLUTE
    ..\LIB\Src\stm32f1xx_hal_cec.c           0x00000000   Number         0  stm32f1xx_hal_cec.o ABSOLUTE
    ..\LIB\Src\stm32f1xx_hal_cortex.c        0x00000000   Number         0  stm32f1xx_hal_cortex.o ABSOLUTE
    ..\LIB\Src\stm32f1xx_hal_crc.c           0x00000000   Number         0  stm32f1xx_hal_crc.o ABSOLUTE
    ..\LIB\Src\stm32f1xx_hal_dac.c           0x00000000   Number         0  stm32f1xx_hal_dac.o ABSOLUTE
    ..\LIB\Src\stm32f1xx_hal_dac_ex.c        0x00000000   Number         0  stm32f1xx_hal_dac_ex.o ABSOLUTE
    ..\LIB\Src\stm32f1xx_hal_dma.c           0x00000000   Number         0  stm32f1xx_hal_dma.o ABSOLUTE
    ..\LIB\Src\stm32f1xx_hal_eth.c           0x00000000   Number         0  stm32f1xx_hal_eth.o ABSOLUTE
    ..\LIB\Src\stm32f1xx_hal_exti.c          0x00000000   Number         0  stm32f1xx_hal_exti.o ABSOLUTE
    ..\LIB\Src\stm32f1xx_hal_flash.c         0x00000000   Number         0  stm32f1xx_hal_flash.o ABSOLUTE
    ..\LIB\Src\stm32f1xx_hal_flash_ex.c      0x00000000   Number         0  stm32f1xx_hal_flash_ex.o ABSOLUTE
    ..\LIB\Src\stm32f1xx_hal_gpio.c          0x00000000   Number         0  stm32f1xx_hal_gpio.o ABSOLUTE
    ..\LIB\Src\stm32f1xx_hal_gpio_ex.c       0x00000000   Number         0  stm32f1xx_hal_gpio_ex.o ABSOLUTE
    ..\LIB\Src\stm32f1xx_hal_hcd.c           0x00000000   Number         0  stm32f1xx_hal_hcd.o ABSOLUTE
    ..\LIB\Src\stm32f1xx_hal_i2c.c           0x00000000   Number         0  stm32f1xx_hal_i2c.o ABSOLUTE
    ..\LIB\Src\stm32f1xx_hal_i2s.c           0x00000000   Number         0  stm32f1xx_hal_i2s.o ABSOLUTE
    ..\LIB\Src\stm32f1xx_hal_irda.c          0x00000000   Number         0  stm32f1xx_hal_irda.o ABSOLUTE
    ..\LIB\Src\stm32f1xx_hal_iwdg.c          0x00000000   Number         0  stm32f1xx_hal_iwdg.o ABSOLUTE
    ..\LIB\Src\stm32f1xx_hal_mmc.c           0x00000000   Number         0  stm32f1xx_hal_mmc.o ABSOLUTE
    ..\LIB\Src\stm32f1xx_hal_msp_template.c  0x00000000   Number         0  stm32f1xx_hal_msp_template.o ABSOLUTE
    ..\LIB\Src\stm32f1xx_hal_nand.c          0x00000000   Number         0  stm32f1xx_hal_nand.o ABSOLUTE
    ..\LIB\Src\stm32f1xx_hal_nor.c           0x00000000   Number         0  stm32f1xx_hal_nor.o ABSOLUTE
    ..\LIB\Src\stm32f1xx_hal_pccard.c        0x00000000   Number         0  stm32f1xx_hal_pccard.o ABSOLUTE
    ..\LIB\Src\stm32f1xx_hal_pcd.c           0x00000000   Number         0  stm32f1xx_hal_pcd.o ABSOLUTE
    ..\LIB\Src\stm32f1xx_hal_pcd_ex.c        0x00000000   Number         0  stm32f1xx_hal_pcd_ex.o ABSOLUTE
    ..\LIB\Src\stm32f1xx_hal_pwr.c           0x00000000   Number         0  stm32f1xx_hal_pwr.o ABSOLUTE
    ..\LIB\Src\stm32f1xx_hal_rcc.c           0x00000000   Number         0  stm32f1xx_hal_rcc.o ABSOLUTE
    ..\LIB\Src\stm32f1xx_hal_rcc_ex.c        0x00000000   Number         0  stm32f1xx_hal_rcc_ex.o ABSOLUTE
    ..\LIB\Src\stm32f1xx_hal_rtc.c           0x00000000   Number         0  stm32f1xx_hal_rtc.o ABSOLUTE
    ..\LIB\Src\stm32f1xx_hal_rtc_ex.c        0x00000000   Number         0  stm32f1xx_hal_rtc_ex.o ABSOLUTE
    ..\LIB\Src\stm32f1xx_hal_sd.c            0x00000000   Number         0  stm32f1xx_hal_sd.o ABSOLUTE
    ..\LIB\Src\stm32f1xx_hal_smartcard.c     0x00000000   Number         0  stm32f1xx_hal_smartcard.o ABSOLUTE
    ..\LIB\Src\stm32f1xx_hal_spi.c           0x00000000   Number         0  stm32f1xx_hal_spi.o ABSOLUTE
    ..\LIB\Src\stm32f1xx_hal_sram.c          0x00000000   Number         0  stm32f1xx_hal_sram.o ABSOLUTE
    ..\LIB\Src\stm32f1xx_hal_tim.c           0x00000000   Number         0  stm32f1xx_hal_tim.o ABSOLUTE
    ..\LIB\Src\stm32f1xx_hal_tim_ex.c        0x00000000   Number         0  stm32f1xx_hal_tim_ex.o ABSOLUTE
    ..\LIB\Src\stm32f1xx_hal_uart.c          0x00000000   Number         0  stm32f1xx_hal_uart.o ABSOLUTE
    ..\LIB\Src\stm32f1xx_hal_usart.c         0x00000000   Number         0  stm32f1xx_hal_usart.o ABSOLUTE
    ..\LIB\Src\stm32f1xx_hal_wwdg.c          0x00000000   Number         0  stm32f1xx_hal_wwdg.o ABSOLUTE
    ..\LIB\Src\stm32f1xx_ll_adc.c            0x00000000   Number         0  stm32f1xx_ll_adc.o ABSOLUTE
    ..\LIB\Src\stm32f1xx_ll_crc.c            0x00000000   Number         0  stm32f1xx_ll_crc.o ABSOLUTE
    ..\LIB\Src\stm32f1xx_ll_dac.c            0x00000000   Number         0  stm32f1xx_ll_dac.o ABSOLUTE
    ..\LIB\Src\stm32f1xx_ll_dma.c            0x00000000   Number         0  stm32f1xx_ll_dma.o ABSOLUTE
    ..\LIB\Src\stm32f1xx_ll_exti.c           0x00000000   Number         0  stm32f1xx_ll_exti.o ABSOLUTE
    ..\LIB\Src\stm32f1xx_ll_fsmc.c           0x00000000   Number         0  stm32f1xx_ll_fsmc.o ABSOLUTE
    ..\LIB\Src\stm32f1xx_ll_gpio.c           0x00000000   Number         0  stm32f1xx_ll_gpio.o ABSOLUTE
    ..\LIB\Src\stm32f1xx_ll_i2c.c            0x00000000   Number         0  stm32f1xx_ll_i2c.o ABSOLUTE
    ..\LIB\Src\stm32f1xx_ll_pwr.c            0x00000000   Number         0  stm32f1xx_ll_pwr.o ABSOLUTE
    ..\LIB\Src\stm32f1xx_ll_rcc.c            0x00000000   Number         0  stm32f1xx_ll_rcc.o ABSOLUTE
    ..\LIB\Src\stm32f1xx_ll_rtc.c            0x00000000   Number         0  stm32f1xx_ll_rtc.o ABSOLUTE
    ..\LIB\Src\stm32f1xx_ll_sdmmc.c          0x00000000   Number         0  stm32f1xx_ll_sdmmc.o ABSOLUTE
    ..\LIB\Src\stm32f1xx_ll_spi.c            0x00000000   Number         0  stm32f1xx_ll_spi.o ABSOLUTE
    ..\LIB\Src\stm32f1xx_ll_tim.c            0x00000000   Number         0  stm32f1xx_ll_tim.o ABSOLUTE
    ..\LIB\Src\stm32f1xx_ll_usart.c          0x00000000   Number         0  stm32f1xx_ll_usart.o ABSOLUTE
    ..\LIB\Src\stm32f1xx_ll_usb.c            0x00000000   Number         0  stm32f1xx_ll_usb.o ABSOLUTE
    ..\LIB\Src\stm32f1xx_ll_utils.c          0x00000000   Number         0  stm32f1xx_ll_utils.o ABSOLUTE
    ..\\CMSIS\\source\\system_stm32f1xx.c    0x00000000   Number         0  system_stm32f1xx.o ABSOLUTE
    ..\\HW\\Src\\DHT11.c                     0x00000000   Number         0  dht11.o ABSOLUTE
    ..\\HW\\Src\\Delay.c                     0x00000000   Number         0  delay.o ABSOLUTE
    ..\\HW\\Src\\MQ4.c                       0x00000000   Number         0  mq4.o ABSOLUTE
    ..\\HW\\Src\\Oled.c                      0x00000000   Number         0  oled.o ABSOLUTE
    ..\\HW\\Src\\Rcc_HSE.c                   0x00000000   Number         0  rcc_hse.o ABSOLUTE
    ..\\HW\\Src\\iic_init.c                  0x00000000   Number         0  iic_init.o ABSOLUTE
    ..\\HW\\Src\\stm32f1xx_it.c              0x00000000   Number         0  stm32f1xx_it.o ABSOLUTE
    ..\\HW\\Src\\uart_init.c                 0x00000000   Number         0  uart_init.o ABSOLUTE
    ..\\LIB\\Src\\stm32f1xx_hal.c            0x00000000   Number         0  stm32f1xx_hal.o ABSOLUTE
    ..\\LIB\\Src\\stm32f1xx_hal_adc.c        0x00000000   Number         0  stm32f1xx_hal_adc.o ABSOLUTE
    ..\\LIB\\Src\\stm32f1xx_hal_adc_ex.c     0x00000000   Number         0  stm32f1xx_hal_adc_ex.o ABSOLUTE
    ..\\LIB\\Src\\stm32f1xx_hal_can.c        0x00000000   Number         0  stm32f1xx_hal_can.o ABSOLUTE
    ..\\LIB\\Src\\stm32f1xx_hal_cec.c        0x00000000   Number         0  stm32f1xx_hal_cec.o ABSOLUTE
    ..\\LIB\\Src\\stm32f1xx_hal_cortex.c     0x00000000   Number         0  stm32f1xx_hal_cortex.o ABSOLUTE
    ..\\LIB\\Src\\stm32f1xx_hal_crc.c        0x00000000   Number         0  stm32f1xx_hal_crc.o ABSOLUTE
    ..\\LIB\\Src\\stm32f1xx_hal_dac.c        0x00000000   Number         0  stm32f1xx_hal_dac.o ABSOLUTE
    ..\\LIB\\Src\\stm32f1xx_hal_dac_ex.c     0x00000000   Number         0  stm32f1xx_hal_dac_ex.o ABSOLUTE
    ..\\LIB\\Src\\stm32f1xx_hal_dma.c        0x00000000   Number         0  stm32f1xx_hal_dma.o ABSOLUTE
    ..\\LIB\\Src\\stm32f1xx_hal_eth.c        0x00000000   Number         0  stm32f1xx_hal_eth.o ABSOLUTE
    ..\\LIB\\Src\\stm32f1xx_hal_exti.c       0x00000000   Number         0  stm32f1xx_hal_exti.o ABSOLUTE
    ..\\LIB\\Src\\stm32f1xx_hal_flash.c      0x00000000   Number         0  stm32f1xx_hal_flash.o ABSOLUTE
    ..\\LIB\\Src\\stm32f1xx_hal_flash_ex.c   0x00000000   Number         0  stm32f1xx_hal_flash_ex.o ABSOLUTE
    ..\\LIB\\Src\\stm32f1xx_hal_gpio.c       0x00000000   Number         0  stm32f1xx_hal_gpio.o ABSOLUTE
    ..\\LIB\\Src\\stm32f1xx_hal_gpio_ex.c    0x00000000   Number         0  stm32f1xx_hal_gpio_ex.o ABSOLUTE
    ..\\LIB\\Src\\stm32f1xx_hal_hcd.c        0x00000000   Number         0  stm32f1xx_hal_hcd.o ABSOLUTE
    ..\\LIB\\Src\\stm32f1xx_hal_i2c.c        0x00000000   Number         0  stm32f1xx_hal_i2c.o ABSOLUTE
    ..\\LIB\\Src\\stm32f1xx_hal_i2s.c        0x00000000   Number         0  stm32f1xx_hal_i2s.o ABSOLUTE
    ..\\LIB\\Src\\stm32f1xx_hal_irda.c       0x00000000   Number         0  stm32f1xx_hal_irda.o ABSOLUTE
    ..\\LIB\\Src\\stm32f1xx_hal_iwdg.c       0x00000000   Number         0  stm32f1xx_hal_iwdg.o ABSOLUTE
    ..\\LIB\\Src\\stm32f1xx_hal_mmc.c        0x00000000   Number         0  stm32f1xx_hal_mmc.o ABSOLUTE
    ..\\LIB\\Src\\stm32f1xx_hal_msp_template.c 0x00000000   Number         0  stm32f1xx_hal_msp_template.o ABSOLUTE
    ..\\LIB\\Src\\stm32f1xx_hal_nand.c       0x00000000   Number         0  stm32f1xx_hal_nand.o ABSOLUTE
    ..\\LIB\\Src\\stm32f1xx_hal_nor.c        0x00000000   Number         0  stm32f1xx_hal_nor.o ABSOLUTE
    ..\\LIB\\Src\\stm32f1xx_hal_pccard.c     0x00000000   Number         0  stm32f1xx_hal_pccard.o ABSOLUTE
    ..\\LIB\\Src\\stm32f1xx_hal_pcd.c        0x00000000   Number         0  stm32f1xx_hal_pcd.o ABSOLUTE
    ..\\LIB\\Src\\stm32f1xx_hal_pcd_ex.c     0x00000000   Number         0  stm32f1xx_hal_pcd_ex.o ABSOLUTE
    ..\\LIB\\Src\\stm32f1xx_hal_pwr.c        0x00000000   Number         0  stm32f1xx_hal_pwr.o ABSOLUTE
    ..\\LIB\\Src\\stm32f1xx_hal_rcc.c        0x00000000   Number         0  stm32f1xx_hal_rcc.o ABSOLUTE
    ..\\LIB\\Src\\stm32f1xx_hal_rcc_ex.c     0x00000000   Number         0  stm32f1xx_hal_rcc_ex.o ABSOLUTE
    ..\\LIB\\Src\\stm32f1xx_hal_rtc.c        0x00000000   Number         0  stm32f1xx_hal_rtc.o ABSOLUTE
    ..\\LIB\\Src\\stm32f1xx_hal_rtc_ex.c     0x00000000   Number         0  stm32f1xx_hal_rtc_ex.o ABSOLUTE
    ..\\LIB\\Src\\stm32f1xx_hal_sd.c         0x00000000   Number         0  stm32f1xx_hal_sd.o ABSOLUTE
    ..\\LIB\\Src\\stm32f1xx_hal_smartcard.c  0x00000000   Number         0  stm32f1xx_hal_smartcard.o ABSOLUTE
    ..\\LIB\\Src\\stm32f1xx_hal_spi.c        0x00000000   Number         0  stm32f1xx_hal_spi.o ABSOLUTE
    ..\\LIB\\Src\\stm32f1xx_hal_sram.c       0x00000000   Number         0  stm32f1xx_hal_sram.o ABSOLUTE
    ..\\LIB\\Src\\stm32f1xx_hal_tim.c        0x00000000   Number         0  stm32f1xx_hal_tim.o ABSOLUTE
    ..\\LIB\\Src\\stm32f1xx_hal_tim_ex.c     0x00000000   Number         0  stm32f1xx_hal_tim_ex.o ABSOLUTE
    ..\\LIB\\Src\\stm32f1xx_hal_uart.c       0x00000000   Number         0  stm32f1xx_hal_uart.o ABSOLUTE
    ..\\LIB\\Src\\stm32f1xx_hal_usart.c      0x00000000   Number         0  stm32f1xx_hal_usart.o ABSOLUTE
    ..\\LIB\\Src\\stm32f1xx_hal_wwdg.c       0x00000000   Number         0  stm32f1xx_hal_wwdg.o ABSOLUTE
    ..\\LIB\\Src\\stm32f1xx_ll_fsmc.c        0x00000000   Number         0  stm32f1xx_ll_fsmc.o ABSOLUTE
    ..\\LIB\\Src\\stm32f1xx_ll_sdmmc.c       0x00000000   Number         0  stm32f1xx_ll_sdmmc.o ABSOLUTE
    ..\\LIB\\Src\\stm32f1xx_ll_usb.c         0x00000000   Number         0  stm32f1xx_ll_usb.o ABSOLUTE
    ..\\LIB\\Src\\stm32f1xx_ll_utils.c       0x00000000   Number         0  stm32f1xx_ll_utils.o ABSOLUTE
    dc.s                                     0x00000000   Number         0  dc.o ABSOLUTE
    main.c                                   0x00000000   Number         0  main.o ABSOLUTE
    main.c                                   0x00000000   Number         0  main.o ABSOLUTE
    RESET                                    0x08000000   Section      236  startup_stm32f103xb.o(RESET)
    !!!main                                  0x080000ec   Section        8  __main.o(!!!main)
    !!!scatter                               0x080000f4   Section       52  __scatter.o(!!!scatter)
    !!handler_copy                           0x08000128   Section       26  __scatter_copy.o(!!handler_copy)
    !!handler_zi                             0x08000144   Section       28  __scatter_zi.o(!!handler_zi)
    .ARM.Collect$$_printf_percent$$00000000  0x08000160   Section        0  _printf_percent.o(.ARM.Collect$$_printf_percent$$00000000)
    .ARM.Collect$$_printf_percent$$0000000A  0x08000160   Section        6  _printf_u.o(.ARM.Collect$$_printf_percent$$0000000A)
    .ARM.Collect$$_printf_percent$$00000017  0x08000166   Section        4  _printf_percent_end.o(.ARM.Collect$$_printf_percent$$00000017)
    .ARM.Collect$$libinit$$00000000          0x0800016a   Section        2  libinit.o(.ARM.Collect$$libinit$$00000000)
    .ARM.Collect$$libinit$$00000002          0x0800016c   Section        0  libinit2.o(.ARM.Collect$$libinit$$00000002)
    .ARM.Collect$$libinit$$00000004          0x0800016c   Section        0  libinit2.o(.ARM.Collect$$libinit$$00000004)
    .ARM.Collect$$libinit$$0000000A          0x0800016c   Section        0  libinit2.o(.ARM.Collect$$libinit$$0000000A)
    .ARM.Collect$$libinit$$0000000C          0x0800016c   Section        0  libinit2.o(.ARM.Collect$$libinit$$0000000C)
    .ARM.Collect$$libinit$$0000000E          0x0800016c   Section        0  libinit2.o(.ARM.Collect$$libinit$$0000000E)
    .ARM.Collect$$libinit$$00000011          0x0800016c   Section        0  libinit2.o(.ARM.Collect$$libinit$$00000011)
    .ARM.Collect$$libinit$$00000013          0x0800016c   Section        0  libinit2.o(.ARM.Collect$$libinit$$00000013)
    .ARM.Collect$$libinit$$00000015          0x0800016c   Section        0  libinit2.o(.ARM.Collect$$libinit$$00000015)
    .ARM.Collect$$libinit$$00000017          0x0800016c   Section        0  libinit2.o(.ARM.Collect$$libinit$$00000017)
    .ARM.Collect$$libinit$$00000019          0x0800016c   Section        0  libinit2.o(.ARM.Collect$$libinit$$00000019)
    .ARM.Collect$$libinit$$0000001B          0x0800016c   Section        0  libinit2.o(.ARM.Collect$$libinit$$0000001B)
    .ARM.Collect$$libinit$$0000001D          0x0800016c   Section        0  libinit2.o(.ARM.Collect$$libinit$$0000001D)
    .ARM.Collect$$libinit$$0000001F          0x0800016c   Section        0  libinit2.o(.ARM.Collect$$libinit$$0000001F)
    .ARM.Collect$$libinit$$00000021          0x0800016c   Section        0  libinit2.o(.ARM.Collect$$libinit$$00000021)
    .ARM.Collect$$libinit$$00000023          0x0800016c   Section        0  libinit2.o(.ARM.Collect$$libinit$$00000023)
    .ARM.Collect$$libinit$$00000025          0x0800016c   Section        0  libinit2.o(.ARM.Collect$$libinit$$00000025)
    .ARM.Collect$$libinit$$0000002C          0x0800016c   Section        0  libinit2.o(.ARM.Collect$$libinit$$0000002C)
    .ARM.Collect$$libinit$$0000002E          0x0800016c   Section        0  libinit2.o(.ARM.Collect$$libinit$$0000002E)
    .ARM.Collect$$libinit$$00000030          0x0800016c   Section        0  libinit2.o(.ARM.Collect$$libinit$$00000030)
    .ARM.Collect$$libinit$$00000032          0x0800016c   Section        0  libinit2.o(.ARM.Collect$$libinit$$00000032)
    .ARM.Collect$$libinit$$00000033          0x0800016c   Section        2  libinit2.o(.ARM.Collect$$libinit$$00000033)
    .ARM.Collect$$libshutdown$$00000000      0x0800016e   Section        2  libshutdown.o(.ARM.Collect$$libshutdown$$00000000)
    .ARM.Collect$$libshutdown$$00000002      0x08000170   Section        0  libshutdown2.o(.ARM.Collect$$libshutdown$$00000002)
    .ARM.Collect$$libshutdown$$00000004      0x08000170   Section        0  libshutdown2.o(.ARM.Collect$$libshutdown$$00000004)
    .ARM.Collect$$libshutdown$$00000007      0x08000170   Section        0  libshutdown2.o(.ARM.Collect$$libshutdown$$00000007)
    .ARM.Collect$$libshutdown$$0000000A      0x08000170   Section        0  libshutdown2.o(.ARM.Collect$$libshutdown$$0000000A)
    .ARM.Collect$$libshutdown$$0000000C      0x08000170   Section        0  libshutdown2.o(.ARM.Collect$$libshutdown$$0000000C)
    .ARM.Collect$$libshutdown$$0000000F      0x08000170   Section        0  libshutdown2.o(.ARM.Collect$$libshutdown$$0000000F)
    .ARM.Collect$$libshutdown$$00000010      0x08000170   Section        2  libshutdown2.o(.ARM.Collect$$libshutdown$$00000010)
    .ARM.Collect$$rtentry$$00000000          0x08000172   Section        0  __rtentry.o(.ARM.Collect$$rtentry$$00000000)
    .ARM.Collect$$rtentry$$00000002          0x08000172   Section        0  __rtentry2.o(.ARM.Collect$$rtentry$$00000002)
    .ARM.Collect$$rtentry$$00000004          0x08000172   Section        6  __rtentry4.o(.ARM.Collect$$rtentry$$00000004)
    .ARM.Collect$$rtentry$$00000009          0x08000178   Section        0  __rtentry2.o(.ARM.Collect$$rtentry$$00000009)
    .ARM.Collect$$rtentry$$0000000A          0x08000178   Section        4  __rtentry2.o(.ARM.Collect$$rtentry$$0000000A)
    .ARM.Collect$$rtentry$$0000000C          0x0800017c   Section        0  __rtentry2.o(.ARM.Collect$$rtentry$$0000000C)
    .ARM.Collect$$rtentry$$0000000D          0x0800017c   Section        8  __rtentry2.o(.ARM.Collect$$rtentry$$0000000D)
    .ARM.Collect$$rtexit$$00000000           0x08000184   Section        2  rtexit.o(.ARM.Collect$$rtexit$$00000000)
    .ARM.Collect$$rtexit$$00000002           0x08000186   Section        0  rtexit2.o(.ARM.Collect$$rtexit$$00000002)
    .ARM.Collect$$rtexit$$00000003           0x08000186   Section        4  rtexit2.o(.ARM.Collect$$rtexit$$00000003)
    .ARM.Collect$$rtexit$$00000004           0x0800018a   Section        6  rtexit2.o(.ARM.Collect$$rtexit$$00000004)
    .text                                    0x08000190   Section       64  startup_stm32f103xb.o(.text)
    .text                                    0x080001d0   Section        0  noretval__2snprintf.o(.text)
    .text                                    0x08000204   Section        0  __printf.o(.text)
    .text                                    0x0800026c   Section        0  _printf_dec.o(.text)
    .text                                    0x080002e4   Section        0  strlen.o(.text)
    .text                                    0x08000322   Section        0  heapauxi.o(.text)
    .text                                    0x08000328   Section        0  _printf_intcommon.o(.text)
    .text                                    0x080003dc   Section        0  _printf_char_common.o(.text)
    _printf_input_char                       0x080003dd   Thumb Code    10  _printf_char_common.o(.text)
    .text                                    0x0800040c   Section        0  _sputc.o(.text)
    .text                                    0x08000416   Section        0  _snputc.o(.text)
    .text                                    0x08000426   Section       74  sys_stackheap_outer.o(.text)
    .text                                    0x08000470   Section        0  exit.o(.text)
    .text                                    0x08000484   Section        8  libspace.o(.text)
    .text                                    0x0800048c   Section        0  sys_exit.o(.text)
    .text                                    0x08000498   Section        2  use_no_semi.o(.text)
    .text                                    0x0800049a   Section        0  indicate_semi.o(.text)
    i.ADC_ConversionStop_Disable             0x0800049a   Section        0  stm32f1xx_hal_adc.o(i.ADC_ConversionStop_Disable)
    i.ADC_Enable                             0x080004ec   Section        0  stm32f1xx_hal_adc.o(i.ADC_Enable)
    i.DHT11_CheckState                       0x08000570   Section        0  dht11.o(i.DHT11_CheckState)
    i.DHT11_Free                             0x08000640   Section        0  dht11.o(i.DHT11_Free)
    i.DHT11_Init                             0x08000684   Section        0  dht11.o(i.DHT11_Init)
    i.DHT11_ReadByte                         0x080006c4   Section        0  dht11.o(i.DHT11_ReadByte)
    i.DHT11_ReadData                         0x08000714   Section        0  dht11.o(i.DHT11_ReadData)
    i.HAL_ADC_ConfigChannel                  0x08000784   Section        0  stm32f1xx_hal_adc.o(i.HAL_ADC_ConfigChannel)
    i.HAL_ADC_GetValue                       0x080008e4   Section        0  stm32f1xx_hal_adc.o(i.HAL_ADC_GetValue)
    i.HAL_ADC_Init                           0x080008ec   Section        0  stm32f1xx_hal_adc.o(i.HAL_ADC_Init)
    i.HAL_ADC_MspInit                        0x08000a30   Section        0  mq4.o(i.HAL_ADC_MspInit)
    i.HAL_ADC_PollForConversion              0x08000a98   Section        0  stm32f1xx_hal_adc.o(i.HAL_ADC_PollForConversion)
    i.HAL_ADC_Start                          0x08000c08   Section        0  stm32f1xx_hal_adc.o(i.HAL_ADC_Start)
    i.HAL_ADC_Stop                           0x08000d38   Section        0  stm32f1xx_hal_adc.o(i.HAL_ADC_Stop)
    i.HAL_GPIO_Init                          0x08000d78   Section        0  stm32f1xx_hal_gpio.o(i.HAL_GPIO_Init)
    i.HAL_GPIO_ReadPin                       0x08001098   Section        0  stm32f1xx_hal_gpio.o(i.HAL_GPIO_ReadPin)
    i.HAL_GPIO_WritePin                      0x080010a8   Section        0  stm32f1xx_hal_gpio.o(i.HAL_GPIO_WritePin)
    i.HAL_GetTick                            0x080010b4   Section        0  stm32f1xx_hal.o(i.HAL_GetTick)
    i.HAL_I2C_Master_Transmit                0x080010c0   Section        0  stm32f1xx_hal_i2c.o(i.HAL_I2C_Master_Transmit)
    i.HAL_IncTick                            0x08001230   Section        0  stm32f1xx_hal.o(i.HAL_IncTick)
    i.HAL_Init                               0x08001248   Section        0  stm32f1xx_hal.o(i.HAL_Init)
    i.HAL_InitTick                           0x08001270   Section        0  stm32f1xx_hal.o(i.HAL_InitTick)
    i.HAL_MspInit                            0x080012bc   Section        0  stm32f1xx_hal_msp_template.o(i.HAL_MspInit)
    i.HAL_NVIC_SetPriority                   0x080012be   Section        0  stm32f1xx_hal_cortex.o(i.HAL_NVIC_SetPriority)
    i.HAL_NVIC_SetPriorityGrouping           0x0800133c   Section        0  stm32f1xx_hal_cortex.o(i.HAL_NVIC_SetPriorityGrouping)
    i.HAL_RCCEx_GetPeriphCLKFreq             0x08001364   Section        0  stm32f1xx_hal_rcc_ex.o(i.HAL_RCCEx_GetPeriphCLKFreq)
    i.HAL_RCC_ClockConfig                    0x0800147c   Section        0  stm32f1xx_hal_rcc.o(i.HAL_RCC_ClockConfig)
    i.HAL_RCC_GetHCLKFreq                    0x08001608   Section        0  stm32f1xx_hal_rcc.o(i.HAL_RCC_GetHCLKFreq)
    i.HAL_RCC_GetPCLK1Freq                   0x08001614   Section        0  stm32f1xx_hal_rcc.o(i.HAL_RCC_GetPCLK1Freq)
    i.HAL_RCC_GetPCLK2Freq                   0x08001634   Section        0  stm32f1xx_hal_rcc.o(i.HAL_RCC_GetPCLK2Freq)
    i.HAL_RCC_GetSysClockFreq                0x08001654   Section        0  stm32f1xx_hal_rcc.o(i.HAL_RCC_GetSysClockFreq)
    i.HAL_RCC_OscConfig                      0x080016e8   Section        0  stm32f1xx_hal_rcc.o(i.HAL_RCC_OscConfig)
    i.HAL_SYSTICK_Config                     0x08001b4c   Section        0  stm32f1xx_hal_cortex.o(i.HAL_SYSTICK_Config)
    i.HAL_TIM_Base_Init                      0x08001b80   Section        0  stm32f1xx_hal_tim.o(i.HAL_TIM_Base_Init)
    i.HAL_TIM_Base_MspInit                   0x08001bb4   Section        0  stm32f1xx_hal_tim.o(i.HAL_TIM_Base_MspInit)
    i.HAL_TIM_Base_Start                     0x08001bb6   Section        0  stm32f1xx_hal_tim.o(i.HAL_TIM_Base_Start)
    i.HAL_UART_Init                          0x08001be0   Section        0  stm32f1xx_hal_uart.o(i.HAL_UART_Init)
    i.HAL_UART_MspInit                       0x08001c54   Section        0  uart_init.o(i.HAL_UART_MspInit)
    i.HAL_UART_Transmit                      0x08001cd8   Section        0  stm32f1xx_hal_uart.o(i.HAL_UART_Transmit)
    i.HardFault_Handler                      0x08001dae   Section        0  stm32f1xx_it.o(i.HardFault_Handler)
    i.I2C_IsAcknowledgeFailed                0x08001db0   Section        0  stm32f1xx_hal_i2c.o(i.I2C_IsAcknowledgeFailed)
    I2C_IsAcknowledgeFailed                  0x08001db1   Thumb Code    62  stm32f1xx_hal_i2c.o(i.I2C_IsAcknowledgeFailed)
    i.I2C_MasterRequestWrite                 0x08001df0   Section        0  stm32f1xx_hal_i2c.o(i.I2C_MasterRequestWrite)
    I2C_MasterRequestWrite                   0x08001df1   Thumb Code   166  stm32f1xx_hal_i2c.o(i.I2C_MasterRequestWrite)
    i.I2C_WaitOnBTFFlagUntilTimeout          0x08001e9c   Section        0  stm32f1xx_hal_i2c.o(i.I2C_WaitOnBTFFlagUntilTimeout)
    I2C_WaitOnBTFFlagUntilTimeout            0x08001e9d   Thumb Code    92  stm32f1xx_hal_i2c.o(i.I2C_WaitOnBTFFlagUntilTimeout)
    i.I2C_WaitOnFlagUntilTimeout             0x08001ef8   Section        0  stm32f1xx_hal_i2c.o(i.I2C_WaitOnFlagUntilTimeout)
    I2C_WaitOnFlagUntilTimeout               0x08001ef9   Thumb Code   134  stm32f1xx_hal_i2c.o(i.I2C_WaitOnFlagUntilTimeout)
    i.I2C_WaitOnMasterAddressFlagUntilTimeout 0x08001f7e   Section        0  stm32f1xx_hal_i2c.o(i.I2C_WaitOnMasterAddressFlagUntilTimeout)
    I2C_WaitOnMasterAddressFlagUntilTimeout  0x08001f7f   Thumb Code   196  stm32f1xx_hal_i2c.o(i.I2C_WaitOnMasterAddressFlagUntilTimeout)
    i.I2C_WaitOnTXEFlagUntilTimeout          0x08002042   Section        0  stm32f1xx_hal_i2c.o(i.I2C_WaitOnTXEFlagUntilTimeout)
    I2C_WaitOnTXEFlagUntilTimeout            0x08002043   Thumb Code    92  stm32f1xx_hal_i2c.o(i.I2C_WaitOnTXEFlagUntilTimeout)
    i.MQ4_ADC_Init                           0x080020a0   Section        0  mq4.o(i.MQ4_ADC_Init)
    i.MQ4_GO                                 0x08002108   Section        0  mq4.o(i.MQ4_GO)
    i.MX_USART1_UART_Init                    0x080021c0   Section        0  uart_init.o(i.MX_USART1_UART_Init)
    i.NMI_Handler                            0x080021f0   Section        0  stm32f1xx_it.o(i.NMI_Handler)
    i.OLED_Pow                               0x080021f2   Section        0  oled.o(i.OLED_Pow)
    i.OLED_SetCursor                         0x08002206   Section        0  oled.o(i.OLED_SetCursor)
    i.OLED_ShowChar                          0x08002228   Section        0  oled.o(i.OLED_ShowChar)
    i.OLED_ShowNum                           0x0800229c   Section        0  oled.o(i.OLED_ShowNum)
    i.OLED_ShowString                        0x080022e0   Section        0  oled.o(i.OLED_ShowString)
    i.OLED_WriteCommand                      0x08002308   Section        0  oled.o(i.OLED_WriteCommand)
    i.OLED_WriteData                         0x0800232c   Section        0  oled.o(i.OLED_WriteData)
    i.PendSV_Handler                         0x08002358   Section        0  stm32f1xx_it.o(i.PendSV_Handler)
    i.RCC_Delay                              0x0800235c   Section        0  stm32f1xx_hal_rcc.o(i.RCC_Delay)
    RCC_Delay                                0x0800235d   Thumb Code    36  stm32f1xx_hal_rcc.o(i.RCC_Delay)
    i.Rcc_HSE                                0x08002384   Section        0  rcc_hse.o(i.Rcc_HSE)
    i.SVC_Handler                            0x080023ca   Section        0  stm32f1xx_it.o(i.SVC_Handler)
    i.SysTick_Handler                        0x080023cc   Section        0  stm32f1xx_it.o(i.SysTick_Handler)
    i.SystemInit                             0x080023d4   Section        0  system_stm32f1xx.o(i.SystemInit)
    i.TIM2_Init                              0x0800242c   Section        0  delay.o(i.TIM2_Init)
    i.TIM_Base_SetConfig                     0x0800247c   Section        0  stm32f1xx_hal_tim.o(i.TIM_Base_SetConfig)
    i.UART1_SendData                         0x080024f0   Section        0  uart_init.o(i.UART1_SendData)
    i.UART_SendABC                           0x0800250c   Section        0  uart_init.o(i.UART_SendABC)
    i.UART_SetConfig                         0x08002548   Section        0  stm32f1xx_hal_uart.o(i.UART_SetConfig)
    UART_SetConfig                           0x08002549   Thumb Code   412  stm32f1xx_hal_uart.o(i.UART_SetConfig)
    i.UART_WaitOnFlagUntilTimeout            0x080026e8   Section        0  stm32f1xx_hal_uart.o(i.UART_WaitOnFlagUntilTimeout)
    UART_WaitOnFlagUntilTimeout              0x080026e9   Thumb Code   108  stm32f1xx_hal_uart.o(i.UART_WaitOnFlagUntilTimeout)
    i.__NVIC_GetPriorityGrouping             0x08002754   Section        0  stm32f1xx_hal_cortex.o(i.__NVIC_GetPriorityGrouping)
    __NVIC_GetPriorityGrouping               0x08002755   Thumb Code    10  stm32f1xx_hal_cortex.o(i.__NVIC_GetPriorityGrouping)
    i.__NVIC_SetPriority                     0x08002764   Section        0  stm32f1xx_hal_cortex.o(i.__NVIC_SetPriority)
    __NVIC_SetPriority                       0x08002765   Thumb Code    32  stm32f1xx_hal_cortex.o(i.__NVIC_SetPriority)
    i.delay_ms                               0x0800278c   Section        0  delay.o(i.delay_ms)
    i.delay_us                               0x080027a8   Section        0  delay.o(i.delay_us)
    i.main                                   0x080027c4   Section        0  main.o(i.main)
    x$fpl$d2f                                0x08002824   Section       98  d2f.o(x$fpl$d2f)
    x$fpl$dadd                               0x08002888   Section      336  daddsub_clz.o(x$fpl$dadd)
    _dadd1                                   0x08002899   Thumb Code     0  daddsub_clz.o(x$fpl$dadd)
    x$fpl$ddiv                               0x080029d8   Section      688  ddiv.o(x$fpl$ddiv)
    ddiv_entry                               0x080029df   Thumb Code     0  ddiv.o(x$fpl$ddiv)
    x$fpl$dfixu                              0x08002c88   Section       90  dfixu.o(x$fpl$dfixu)
    x$fpl$dmul                               0x08002ce4   Section      340  dmul.o(x$fpl$dmul)
    x$fpl$dnaninf                            0x08002e38   Section      156  dnaninf.o(x$fpl$dnaninf)
    x$fpl$dretinf                            0x08002ed4   Section       12  dretinf.o(x$fpl$dretinf)
    x$fpl$dsub                               0x08002ee0   Section      468  daddsub_clz.o(x$fpl$dsub)
    _dsub1                                   0x08002ef1   Thumb Code     0  daddsub_clz.o(x$fpl$dsub)
    x$fpl$f2d                                0x080030b4   Section       86  f2d.o(x$fpl$f2d)
    x$fpl$fflt                               0x0800310c   Section       48  fflt_clz.o(x$fpl$fflt)
    x$fpl$fnaninf                            0x0800313c   Section      140  fnaninf.o(x$fpl$fnaninf)
    x$fpl$fretinf                            0x080031c8   Section       10  fretinf.o(x$fpl$fretinf)
    .constdata                               0x080031d2   Section       24  system_stm32f1xx.o(.constdata)
    x$fpl$usenofp                            0x080031d2   Section        0  usenofp.o(x$fpl$usenofp)
    .constdata                               0x080031ea   Section     1520  oled.o(.constdata)
    .data                                    0x20000000   Section       10  main.o(.data)
    .data                                    0x2000000c   Section        9  stm32f1xx_hal.o(.data)
    .data                                    0x20000018   Section        4  system_stm32f1xx.o(.data)
    .data                                    0x2000001c   Section        2  dht11.o(.data)
    .data                                    0x20000020   Section        8  mq4.o(.data)
    .bss                                     0x20000028   Section      168  iic_init.o(.bss)
    .bss                                     0x200000d0   Section       32  dht11.o(.bss)
    .bss                                     0x200000f0   Section       64  delay.o(.bss)
    .bss                                     0x20000130   Section       48  mq4.o(.bss)
    .bss                                     0x20000160   Section       64  uart_init.o(.bss)
    .bss                                     0x200001a0   Section       96  libspace.o(.bss)
    HEAP                                     0x20000200   Section      512  startup_stm32f103xb.o(HEAP)
    Heap_Mem                                 0x20000200   Data         512  startup_stm32f103xb.o(HEAP)
    STACK                                    0x20000400   Section     1024  startup_stm32f103xb.o(STACK)
    Stack_Mem                                0x20000400   Data        1024  startup_stm32f103xb.o(STACK)
    __initial_sp                             0x20000800   Data           0  startup_stm32f103xb.o(STACK)

    Global Symbols

    Symbol Name                              Value     Ov Type        Size  Object(Section)

    BuildAttributes$$THM_ISAv4$P$D$K$B$S$PE$A:L22UL41UL21$X:L11$S22US41US21$IEEE1$IW$USESV6$~STKCKD$USESV7$~SHL$OSPACE$ROPI$EBA8$UX$STANDARDLIB$REQ8$PRES8$EABIv2 0x00000000   Number         0  anon$$obj.o ABSOLUTE
    __ARM_use_no_argv                        0x00000000   Number         0  main.o ABSOLUTE
    __ARM_exceptions_init                     - Undefined Weak Reference
    __alloca_initialize                       - Undefined Weak Reference
    __arm_preinit_                            - Undefined Weak Reference
    __cpp_initialize__aeabi_                  - Undefined Weak Reference
    __cxa_finalize                            - Undefined Weak Reference
    __rt_locale                               - Undefined Weak Reference
    __sigvec_lookup                           - Undefined Weak Reference
    _atexit_init                              - Undefined Weak Reference
    _call_atexit_fns                          - Undefined Weak Reference
    _clock_init                               - Undefined Weak Reference
    _fp_trap_init                             - Undefined Weak Reference
    _fp_trap_shutdown                         - Undefined Weak Reference
    _get_lc_collate                           - Undefined Weak Reference
    _get_lc_ctype                             - Undefined Weak Reference
    _get_lc_monetary                          - Undefined Weak Reference
    _get_lc_numeric                           - Undefined Weak Reference
    _get_lc_time                              - Undefined Weak Reference
    _getenv_init                              - Undefined Weak Reference
    _handle_redirection                       - Undefined Weak Reference
    _init_alloc                               - Undefined Weak Reference
    _init_user_alloc                          - Undefined Weak Reference
    _initio                                   - Undefined Weak Reference
    _printf_post_padding                      - Undefined Weak Reference
    _printf_pre_padding                       - Undefined Weak Reference
    _printf_truncate_signed                   - Undefined Weak Reference
    _printf_truncate_unsigned                 - Undefined Weak Reference
    _rand_init                                - Undefined Weak Reference
    _signal_finish                            - Undefined Weak Reference
    _signal_init                              - Undefined Weak Reference
    _terminate_alloc                          - Undefined Weak Reference
    _terminate_user_alloc                     - Undefined Weak Reference
    _terminateio                              - Undefined Weak Reference
    __Vectors_Size                           0x000000ec   Number         0  startup_stm32f103xb.o ABSOLUTE
    __Vectors                                0x08000000   Data           4  startup_stm32f103xb.o(RESET)
    __Vectors_End                            0x080000ec   Data           0  startup_stm32f103xb.o(RESET)
    __main                                   0x080000ed   Thumb Code     8  __main.o(!!!main)
    __scatterload                            0x080000f5   Thumb Code     0  __scatter.o(!!!scatter)
    __scatterload_rt2                        0x080000f5   Thumb Code    44  __scatter.o(!!!scatter)
    __scatterload_rt2_thumb_only             0x080000f5   Thumb Code     0  __scatter.o(!!!scatter)
    __scatterload_null                       0x08000103   Thumb Code     0  __scatter.o(!!!scatter)
    __scatterload_copy                       0x08000129   Thumb Code    26  __scatter_copy.o(!!handler_copy)
    __scatterload_zeroinit                   0x08000145   Thumb Code    28  __scatter_zi.o(!!handler_zi)
    _printf_percent                          0x08000161   Thumb Code     0  _printf_percent.o(.ARM.Collect$$_printf_percent$$00000000)
    _printf_u                                0x08000161   Thumb Code     0  _printf_u.o(.ARM.Collect$$_printf_percent$$0000000A)
    _printf_percent_end                      0x08000167   Thumb Code     0  _printf_percent_end.o(.ARM.Collect$$_printf_percent$$00000017)
    __rt_lib_init                            0x0800016b   Thumb Code     0  libinit.o(.ARM.Collect$$libinit$$00000000)
    __rt_lib_init_alloca_1                   0x0800016d   Thumb Code     0  libinit2.o(.ARM.Collect$$libinit$$0000002E)
    __rt_lib_init_argv_1                     0x0800016d   Thumb Code     0  libinit2.o(.ARM.Collect$$libinit$$0000002C)
    __rt_lib_init_atexit_1                   0x0800016d   Thumb Code     0  libinit2.o(.ARM.Collect$$libinit$$0000001B)
    __rt_lib_init_clock_1                    0x0800016d   Thumb Code     0  libinit2.o(.ARM.Collect$$libinit$$00000021)
    __rt_lib_init_cpp_1                      0x0800016d   Thumb Code     0  libinit2.o(.ARM.Collect$$libinit$$00000032)
    __rt_lib_init_exceptions_1               0x0800016d   Thumb Code     0  libinit2.o(.ARM.Collect$$libinit$$00000030)
    __rt_lib_init_fp_1                       0x0800016d   Thumb Code     0  libinit2.o(.ARM.Collect$$libinit$$00000002)
    __rt_lib_init_fp_trap_1                  0x0800016d   Thumb Code     0  libinit2.o(.ARM.Collect$$libinit$$0000001F)
    __rt_lib_init_getenv_1                   0x0800016d   Thumb Code     0  libinit2.o(.ARM.Collect$$libinit$$00000023)
    __rt_lib_init_heap_1                     0x0800016d   Thumb Code     0  libinit2.o(.ARM.Collect$$libinit$$0000000A)
    __rt_lib_init_lc_collate_1               0x0800016d   Thumb Code     0  libinit2.o(.ARM.Collect$$libinit$$00000011)
    __rt_lib_init_lc_ctype_1                 0x0800016d   Thumb Code     0  libinit2.o(.ARM.Collect$$libinit$$00000013)
    __rt_lib_init_lc_monetary_1              0x0800016d   Thumb Code     0  libinit2.o(.ARM.Collect$$libinit$$00000015)
    __rt_lib_init_lc_numeric_1               0x0800016d   Thumb Code     0  libinit2.o(.ARM.Collect$$libinit$$00000017)
    __rt_lib_init_lc_time_1                  0x0800016d   Thumb Code     0  libinit2.o(.ARM.Collect$$libinit$$00000019)
    __rt_lib_init_preinit_1                  0x0800016d   Thumb Code     0  libinit2.o(.ARM.Collect$$libinit$$00000004)
    __rt_lib_init_rand_1                     0x0800016d   Thumb Code     0  libinit2.o(.ARM.Collect$$libinit$$0000000E)
    __rt_lib_init_return                     0x0800016d   Thumb Code     0  libinit2.o(.ARM.Collect$$libinit$$00000033)
    __rt_lib_init_signal_1                   0x0800016d   Thumb Code     0  libinit2.o(.ARM.Collect$$libinit$$0000001D)
    __rt_lib_init_stdio_1                    0x0800016d   Thumb Code     0  libinit2.o(.ARM.Collect$$libinit$$00000025)
    __rt_lib_init_user_alloc_1               0x0800016d   Thumb Code     0  libinit2.o(.ARM.Collect$$libinit$$0000000C)
    __rt_lib_shutdown                        0x0800016f   Thumb Code     0  libshutdown.o(.ARM.Collect$$libshutdown$$00000000)
    __rt_lib_shutdown_cpp_1                  0x08000171   Thumb Code     0  libshutdown2.o(.ARM.Collect$$libshutdown$$00000002)
    __rt_lib_shutdown_fp_trap_1              0x08000171   Thumb Code     0  libshutdown2.o(.ARM.Collect$$libshutdown$$00000007)
    __rt_lib_shutdown_heap_1                 0x08000171   Thumb Code     0  libshutdown2.o(.ARM.Collect$$libshutdown$$0000000F)
    __rt_lib_shutdown_return                 0x08000171   Thumb Code     0  libshutdown2.o(.ARM.Collect$$libshutdown$$00000010)
    __rt_lib_shutdown_signal_1               0x08000171   Thumb Code     0  libshutdown2.o(.ARM.Collect$$libshutdown$$0000000A)
    __rt_lib_shutdown_stdio_1                0x08000171   Thumb Code     0  libshutdown2.o(.ARM.Collect$$libshutdown$$00000004)
    __rt_lib_shutdown_user_alloc_1           0x08000171   Thumb Code     0  libshutdown2.o(.ARM.Collect$$libshutdown$$0000000C)
    __rt_entry                               0x08000173   Thumb Code     0  __rtentry.o(.ARM.Collect$$rtentry$$00000000)
    __rt_entry_presh_1                       0x08000173   Thumb Code     0  __rtentry2.o(.ARM.Collect$$rtentry$$00000002)
    __rt_entry_sh                            0x08000173   Thumb Code     0  __rtentry4.o(.ARM.Collect$$rtentry$$00000004)
    __rt_entry_li                            0x08000179   Thumb Code     0  __rtentry2.o(.ARM.Collect$$rtentry$$0000000A)
    __rt_entry_postsh_1                      0x08000179   Thumb Code     0  __rtentry2.o(.ARM.Collect$$rtentry$$00000009)
    __rt_entry_main                          0x0800017d   Thumb Code     0  __rtentry2.o(.ARM.Collect$$rtentry$$0000000D)
    __rt_entry_postli_1                      0x0800017d   Thumb Code     0  __rtentry2.o(.ARM.Collect$$rtentry$$0000000C)
    __rt_exit                                0x08000185   Thumb Code     0  rtexit.o(.ARM.Collect$$rtexit$$00000000)
    __rt_exit_ls                             0x08000187   Thumb Code     0  rtexit2.o(.ARM.Collect$$rtexit$$00000003)
    __rt_exit_prels_1                        0x08000187   Thumb Code     0  rtexit2.o(.ARM.Collect$$rtexit$$00000002)
    __rt_exit_exit                           0x0800018b   Thumb Code     0  rtexit2.o(.ARM.Collect$$rtexit$$00000004)
    Reset_Handler                            0x08000191   Thumb Code     8  startup_stm32f103xb.o(.text)
    MemManage_Handler                        0x0800019d   Thumb Code     2  startup_stm32f103xb.o(.text)
    BusFault_Handler                         0x0800019f   Thumb Code     2  startup_stm32f103xb.o(.text)
    UsageFault_Handler                       0x080001a1   Thumb Code     2  startup_stm32f103xb.o(.text)
    DebugMon_Handler                         0x080001a5   Thumb Code     2  startup_stm32f103xb.o(.text)
    ADC1_2_IRQHandler                        0x080001ab   Thumb Code     0  startup_stm32f103xb.o(.text)
    CAN1_RX1_IRQHandler                      0x080001ab   Thumb Code     0  startup_stm32f103xb.o(.text)
    CAN1_SCE_IRQHandler                      0x080001ab   Thumb Code     0  startup_stm32f103xb.o(.text)
    DMA1_Channel1_IRQHandler                 0x080001ab   Thumb Code     0  startup_stm32f103xb.o(.text)
    DMA1_Channel2_IRQHandler                 0x080001ab   Thumb Code     0  startup_stm32f103xb.o(.text)
    DMA1_Channel3_IRQHandler                 0x080001ab   Thumb Code     0  startup_stm32f103xb.o(.text)
    DMA1_Channel4_IRQHandler                 0x080001ab   Thumb Code     0  startup_stm32f103xb.o(.text)
    DMA1_Channel5_IRQHandler                 0x080001ab   Thumb Code     0  startup_stm32f103xb.o(.text)
    DMA1_Channel6_IRQHandler                 0x080001ab   Thumb Code     0  startup_stm32f103xb.o(.text)
    DMA1_Channel7_IRQHandler                 0x080001ab   Thumb Code     0  startup_stm32f103xb.o(.text)
    EXTI0_IRQHandler                         0x080001ab   Thumb Code     0  startup_stm32f103xb.o(.text)
    EXTI15_10_IRQHandler                     0x080001ab   Thumb Code     0  startup_stm32f103xb.o(.text)
    EXTI1_IRQHandler                         0x080001ab   Thumb Code     0  startup_stm32f103xb.o(.text)
    EXTI2_IRQHandler                         0x080001ab   Thumb Code     0  startup_stm32f103xb.o(.text)
    EXTI3_IRQHandler                         0x080001ab   Thumb Code     0  startup_stm32f103xb.o(.text)
    EXTI4_IRQHandler                         0x080001ab   Thumb Code     0  startup_stm32f103xb.o(.text)
    EXTI9_5_IRQHandler                       0x080001ab   Thumb Code     0  startup_stm32f103xb.o(.text)
    FLASH_IRQHandler                         0x080001ab   Thumb Code     0  startup_stm32f103xb.o(.text)
    I2C1_ER_IRQHandler                       0x080001ab   Thumb Code     0  startup_stm32f103xb.o(.text)
    I2C1_EV_IRQHandler                       0x080001ab   Thumb Code     0  startup_stm32f103xb.o(.text)
    I2C2_ER_IRQHandler                       0x080001ab   Thumb Code     0  startup_stm32f103xb.o(.text)
    I2C2_EV_IRQHandler                       0x080001ab   Thumb Code     0  startup_stm32f103xb.o(.text)
    PVD_IRQHandler                           0x080001ab   Thumb Code     0  startup_stm32f103xb.o(.text)
    RCC_IRQHandler                           0x080001ab   Thumb Code     0  startup_stm32f103xb.o(.text)
    RTC_Alarm_IRQHandler                     0x080001ab   Thumb Code     0  startup_stm32f103xb.o(.text)
    RTC_IRQHandler                           0x080001ab   Thumb Code     0  startup_stm32f103xb.o(.text)
    SPI1_IRQHandler                          0x080001ab   Thumb Code     0  startup_stm32f103xb.o(.text)
    SPI2_IRQHandler                          0x080001ab   Thumb Code     0  startup_stm32f103xb.o(.text)
    TAMPER_IRQHandler                        0x080001ab   Thumb Code     0  startup_stm32f103xb.o(.text)
    TIM1_BRK_IRQHandler                      0x080001ab   Thumb Code     0  startup_stm32f103xb.o(.text)
    TIM1_CC_IRQHandler                       0x080001ab   Thumb Code     0  startup_stm32f103xb.o(.text)
    TIM1_TRG_COM_IRQHandler                  0x080001ab   Thumb Code     0  startup_stm32f103xb.o(.text)
    TIM1_UP_IRQHandler                       0x080001ab   Thumb Code     0  startup_stm32f103xb.o(.text)
    TIM2_IRQHandler                          0x080001ab   Thumb Code     0  startup_stm32f103xb.o(.text)
    TIM3_IRQHandler                          0x080001ab   Thumb Code     0  startup_stm32f103xb.o(.text)
    TIM4_IRQHandler                          0x080001ab   Thumb Code     0  startup_stm32f103xb.o(.text)
    USART1_IRQHandler                        0x080001ab   Thumb Code     0  startup_stm32f103xb.o(.text)
    USART2_IRQHandler                        0x080001ab   Thumb Code     0  startup_stm32f103xb.o(.text)
    USART3_IRQHandler                        0x080001ab   Thumb Code     0  startup_stm32f103xb.o(.text)
    USBWakeUp_IRQHandler                     0x080001ab   Thumb Code     0  startup_stm32f103xb.o(.text)
    USB_HP_CAN1_TX_IRQHandler                0x080001ab   Thumb Code     0  startup_stm32f103xb.o(.text)
    USB_LP_CAN1_RX0_IRQHandler               0x080001ab   Thumb Code     0  startup_stm32f103xb.o(.text)
    WWDG_IRQHandler                          0x080001ab   Thumb Code     0  startup_stm32f103xb.o(.text)
    __user_initial_stackheap                 0x080001ad   Thumb Code     0  startup_stm32f103xb.o(.text)
    __2snprintf                              0x080001d1   Thumb Code    48  noretval__2snprintf.o(.text)
    __printf                                 0x08000205   Thumb Code   104  __printf.o(.text)
    _printf_int_dec                          0x0800026d   Thumb Code   104  _printf_dec.o(.text)
    strlen                                   0x080002e5   Thumb Code    62  strlen.o(.text)
    __use_two_region_memory                  0x08000323   Thumb Code     2  heapauxi.o(.text)
    __rt_heap_escrow$2region                 0x08000325   Thumb Code     2  heapauxi.o(.text)
    __rt_heap_expand$2region                 0x08000327   Thumb Code     2  heapauxi.o(.text)
    _printf_int_common                       0x08000329   Thumb Code   178  _printf_intcommon.o(.text)
    _printf_char_common                      0x080003e7   Thumb Code    32  _printf_char_common.o(.text)
    _sputc                                   0x0800040d   Thumb Code    10  _sputc.o(.text)
    _snputc                                  0x08000417   Thumb Code    16  _snputc.o(.text)
    __user_setup_stackheap                   0x08000427   Thumb Code    74  sys_stackheap_outer.o(.text)
    exit                                     0x08000471   Thumb Code    18  exit.o(.text)
    __user_libspace                          0x08000485   Thumb Code     8  libspace.o(.text)
    __user_perproc_libspace                  0x08000485   Thumb Code     0  libspace.o(.text)
    __user_perthread_libspace                0x08000485   Thumb Code     0  libspace.o(.text)
    _sys_exit                                0x0800048d   Thumb Code     8  sys_exit.o(.text)
    __I$use$semihosting                      0x08000499   Thumb Code     0  use_no_semi.o(.text)
    __use_no_semihosting_swi                 0x08000499   Thumb Code     2  use_no_semi.o(.text)
    ADC_ConversionStop_Disable               0x0800049b   Thumb Code    82  stm32f1xx_hal_adc.o(i.ADC_ConversionStop_Disable)
    __semihosting_library_function           0x0800049b   Thumb Code     0  indicate_semi.o(.text)
    ADC_Enable                               0x080004ed   Thumb Code   122  stm32f1xx_hal_adc.o(i.ADC_Enable)
    DHT11_CheckState                         0x08000571   Thumb Code   182  dht11.o(i.DHT11_CheckState)
    DHT11_Free                               0x08000641   Thumb Code    56  dht11.o(i.DHT11_Free)
    DHT11_Init                               0x08000685   Thumb Code    52  dht11.o(i.DHT11_Init)
    DHT11_ReadByte                           0x080006c5   Thumb Code    74  dht11.o(i.DHT11_ReadByte)
    DHT11_ReadData                           0x08000715   Thumb Code   104  dht11.o(i.DHT11_ReadData)
    HAL_ADC_ConfigChannel                    0x08000785   Thumb Code   338  stm32f1xx_hal_adc.o(i.HAL_ADC_ConfigChannel)
    HAL_ADC_GetValue                         0x080008e5   Thumb Code     8  stm32f1xx_hal_adc.o(i.HAL_ADC_GetValue)
    HAL_ADC_Init                             0x080008ed   Thumb Code   314  stm32f1xx_hal_adc.o(i.HAL_ADC_Init)
    HAL_ADC_MspInit                          0x08000a31   Thumb Code    92  mq4.o(i.HAL_ADC_MspInit)
    HAL_ADC_PollForConversion                0x08000a99   Thumb Code   350  stm32f1xx_hal_adc.o(i.HAL_ADC_PollForConversion)
    HAL_ADC_Start                            0x08000c09   Thumb Code   294  stm32f1xx_hal_adc.o(i.HAL_ADC_Start)
    HAL_ADC_Stop                             0x08000d39   Thumb Code    64  stm32f1xx_hal_adc.o(i.HAL_ADC_Stop)
    HAL_GPIO_Init                            0x08000d79   Thumb Code   766  stm32f1xx_hal_gpio.o(i.HAL_GPIO_Init)
    HAL_GPIO_ReadPin                         0x08001099   Thumb Code    16  stm32f1xx_hal_gpio.o(i.HAL_GPIO_ReadPin)
    HAL_GPIO_WritePin                        0x080010a9   Thumb Code    12  stm32f1xx_hal_gpio.o(i.HAL_GPIO_WritePin)
    HAL_GetTick                              0x080010b5   Thumb Code     6  stm32f1xx_hal.o(i.HAL_GetTick)
    HAL_I2C_Master_Transmit                  0x080010c1   Thumb Code   360  stm32f1xx_hal_i2c.o(i.HAL_I2C_Master_Transmit)
    HAL_IncTick                              0x08001231   Thumb Code    16  stm32f1xx_hal.o(i.HAL_IncTick)
    HAL_Init                                 0x08001249   Thumb Code    34  stm32f1xx_hal.o(i.HAL_Init)
    HAL_InitTick                             0x08001271   Thumb Code    64  stm32f1xx_hal.o(i.HAL_InitTick)
    HAL_MspInit                              0x080012bd   Thumb Code     2  stm32f1xx_hal_msp_template.o(i.HAL_MspInit)
    HAL_NVIC_SetPriority                     0x080012bf   Thumb Code   124  stm32f1xx_hal_cortex.o(i.HAL_NVIC_SetPriority)
    HAL_NVIC_SetPriorityGrouping             0x0800133d   Thumb Code    32  stm32f1xx_hal_cortex.o(i.HAL_NVIC_SetPriorityGrouping)
    HAL_RCCEx_GetPeriphCLKFreq               0x08001365   Thumb Code   248  stm32f1xx_hal_rcc_ex.o(i.HAL_RCCEx_GetPeriphCLKFreq)
    HAL_RCC_ClockConfig                      0x0800147d   Thumb Code   376  stm32f1xx_hal_rcc.o(i.HAL_RCC_ClockConfig)
    HAL_RCC_GetHCLKFreq                      0x08001609   Thumb Code     6  stm32f1xx_hal_rcc.o(i.HAL_RCC_GetHCLKFreq)
    HAL_RCC_GetPCLK1Freq                     0x08001615   Thumb Code    22  stm32f1xx_hal_rcc.o(i.HAL_RCC_GetPCLK1Freq)
    HAL_RCC_GetPCLK2Freq                     0x08001635   Thumb Code    22  stm32f1xx_hal_rcc.o(i.HAL_RCC_GetPCLK2Freq)
    HAL_RCC_GetSysClockFreq                  0x08001655   Thumb Code   116  stm32f1xx_hal_rcc.o(i.HAL_RCC_GetSysClockFreq)
    HAL_RCC_OscConfig                        0x080016e9   Thumb Code  1114  stm32f1xx_hal_rcc.o(i.HAL_RCC_OscConfig)
    HAL_SYSTICK_Config                       0x08001b4d   Thumb Code    52  stm32f1xx_hal_cortex.o(i.HAL_SYSTICK_Config)
    HAL_TIM_Base_Init                        0x08001b81   Thumb Code    52  stm32f1xx_hal_tim.o(i.HAL_TIM_Base_Init)
    HAL_TIM_Base_MspInit                     0x08001bb5   Thumb Code     2  stm32f1xx_hal_tim.o(i.HAL_TIM_Base_MspInit)
    HAL_TIM_Base_Start                       0x08001bb7   Thumb Code    42  stm32f1xx_hal_tim.o(i.HAL_TIM_Base_Start)
    HAL_UART_Init                            0x08001be1   Thumb Code   114  stm32f1xx_hal_uart.o(i.HAL_UART_Init)
    HAL_UART_MspInit                         0x08001c55   Thumb Code   120  uart_init.o(i.HAL_UART_MspInit)
    HAL_UART_Transmit                        0x08001cd9   Thumb Code   214  stm32f1xx_hal_uart.o(i.HAL_UART_Transmit)
    HardFault_Handler                        0x08001daf   Thumb Code     2  stm32f1xx_it.o(i.HardFault_Handler)
    MQ4_ADC_Init                             0x080020a1   Thumb Code    94  mq4.o(i.MQ4_ADC_Init)
    MQ4_GO                                   0x08002109   Thumb Code   146  mq4.o(i.MQ4_GO)
    MX_USART1_UART_Init                      0x080021c1   Thumb Code    40  uart_init.o(i.MX_USART1_UART_Init)
    NMI_Handler                              0x080021f1   Thumb Code     2  stm32f1xx_it.o(i.NMI_Handler)
    OLED_Pow                                 0x080021f3   Thumb Code    20  oled.o(i.OLED_Pow)
    OLED_SetCursor                           0x08002207   Thumb Code    34  oled.o(i.OLED_SetCursor)
    OLED_ShowChar                            0x08002229   Thumb Code   110  oled.o(i.OLED_ShowChar)
    OLED_ShowNum                             0x0800229d   Thumb Code    68  oled.o(i.OLED_ShowNum)
    OLED_ShowString                          0x080022e1   Thumb Code    40  oled.o(i.OLED_ShowString)
    OLED_WriteCommand                        0x08002309   Thumb Code    30  oled.o(i.OLED_WriteCommand)
    OLED_WriteData                           0x0800232d   Thumb Code    34  oled.o(i.OLED_WriteData)
    PendSV_Handler                           0x08002359   Thumb Code     2  stm32f1xx_it.o(i.PendSV_Handler)
    Rcc_HSE                                  0x08002385   Thumb Code    70  rcc_hse.o(i.Rcc_HSE)
    SVC_Handler                              0x080023cb   Thumb Code     2  stm32f1xx_it.o(i.SVC_Handler)
    SysTick_Handler                          0x080023cd   Thumb Code     8  stm32f1xx_it.o(i.SysTick_Handler)
    SystemInit                               0x080023d5   Thumb Code    70  system_stm32f1xx.o(i.SystemInit)
    TIM2_Init                                0x0800242d   Thumb Code    70  delay.o(i.TIM2_Init)
    TIM_Base_SetConfig                       0x0800247d   Thumb Code   104  stm32f1xx_hal_tim.o(i.TIM_Base_SetConfig)
    UART1_SendData                           0x080024f1   Thumb Code    22  uart_init.o(i.UART1_SendData)
    UART_SendABC                             0x0800250d   Thumb Code    46  uart_init.o(i.UART_SendABC)
    delay_ms                                 0x0800278d   Thumb Code    26  delay.o(i.delay_ms)
    delay_us                                 0x080027a9   Thumb Code    24  delay.o(i.delay_us)
    main                                     0x080027c5   Thumb Code    82  main.o(i.main)
    __aeabi_d2f                              0x08002825   Thumb Code     0  d2f.o(x$fpl$d2f)
    _d2f                                     0x08002825   Thumb Code    98  d2f.o(x$fpl$d2f)
    __aeabi_dadd                             0x08002889   Thumb Code     0  daddsub_clz.o(x$fpl$dadd)
    _dadd                                    0x08002889   Thumb Code   332  daddsub_clz.o(x$fpl$dadd)
    __aeabi_ddiv                             0x080029d9   Thumb Code     0  ddiv.o(x$fpl$ddiv)
    _ddiv                                    0x080029d9   Thumb Code   552  ddiv.o(x$fpl$ddiv)
    __aeabi_d2uiz                            0x08002c89   Thumb Code     0  dfixu.o(x$fpl$dfixu)
    _dfixu                                   0x08002c89   Thumb Code    90  dfixu.o(x$fpl$dfixu)
    __aeabi_dmul                             0x08002ce5   Thumb Code     0  dmul.o(x$fpl$dmul)
    _dmul                                    0x08002ce5   Thumb Code   332  dmul.o(x$fpl$dmul)
    __fpl_dnaninf                            0x08002e39   Thumb Code   156  dnaninf.o(x$fpl$dnaninf)
    __fpl_dretinf                            0x08002ed5   Thumb Code    12  dretinf.o(x$fpl$dretinf)
    __aeabi_dsub                             0x08002ee1   Thumb Code     0  daddsub_clz.o(x$fpl$dsub)
    _dsub                                    0x08002ee1   Thumb Code   464  daddsub_clz.o(x$fpl$dsub)
    __aeabi_f2d                              0x080030b5   Thumb Code     0  f2d.o(x$fpl$f2d)
    _f2d                                     0x080030b5   Thumb Code    86  f2d.o(x$fpl$f2d)
    __aeabi_i2f                              0x0800310d   Thumb Code     0  fflt_clz.o(x$fpl$fflt)
    _fflt                                    0x0800310d   Thumb Code    48  fflt_clz.o(x$fpl$fflt)
    __fpl_fnaninf                            0x0800313d   Thumb Code   140  fnaninf.o(x$fpl$fnaninf)
    __fpl_fretinf                            0x080031c9   Thumb Code    10  fretinf.o(x$fpl$fretinf)
    AHBPrescTable                            0x080031d2   Data          16  system_stm32f1xx.o(.constdata)
    __I$use$fp                               0x080031d2   Number         0  usenofp.o(x$fpl$usenofp)
    APBPrescTable                            0x080031e2   Data           8  system_stm32f1xx.o(.constdata)
    OLED_F8x16                               0x080031ea   Data        1520  oled.o(.constdata)
    Region$$Table$$Base                      0x080037dc   Number         0  anon$$obj.o(Region$$Table)
    Region$$Table$$Limit                     0x080037fc   Number         0  anon$$obj.o(Region$$Table)
    Air_vlu                                  0x20000000   Data           2  main.o(.data)
    Temp_vlu                                 0x20000002   Data           2  main.o(.data)
    Humi_vle                                 0x20000004   Data           2  main.o(.data)
    Yata                                     0x20000006   Data           4  main.o(.data)
    uwTick                                   0x2000000c   Data           4  stm32f1xx_hal.o(.data)
    uwTickPrio                               0x20000010   Data           4  stm32f1xx_hal.o(.data)
    uwTickFreq                               0x20000014   Data           1  stm32f1xx_hal.o(.data)
    SystemCoreClock                          0x20000018   Data           4  system_stm32f1xx.o(.data)
    time                                     0x2000001c   Data           2  dht11.o(.data)
    adcValue                                 0x20000020   Data           4  mq4.o(.data)
    voltage                                  0x20000024   Data           4  mq4.o(.data)
    I2C_Handleiic1                           0x20000028   Data          84  iic_init.o(.bss)
    I2C_Handleiic2                           0x2000007c   Data          84  iic_init.o(.bss)
    GPIO_InitDHT11                           0x200000d0   Data          16  dht11.o(.bss)
    GPIO_InitDHT11Free                       0x200000e0   Data          16  dht11.o(.bss)
    htim2                                    0x200000f0   Data          64  delay.o(.bss)
    hadc1                                    0x20000130   Data          48  mq4.o(.bss)
    huart1                                   0x20000160   Data          64  uart_init.o(.bss)
    __libspace_start                         0x200001a0   Data          96  libspace.o(.bss)
    __temporary_stack_top$libspace           0x20000200   Data           0  libspace.o(.bss)



==============================================================================

Memory Map of the image

  Image Entry point : 0x080000ed

  Load Region LR_IROM1 (Base: 0x08000000, Size: 0x00003824, Max: 0x00010000, ABSOLUTE)

    Execution Region ER_IROM1 (Exec base: 0x08000000, Load base: 0x08000000, Size: 0x000037fc, Max: 0x00010000, ABSOLUTE)

    Exec Addr    Load Addr    Size         Type   Attr      Idx    E Section Name        Object

    0x08000000   0x08000000   0x000000ec   Data   RO         6132    RESET               startup_stm32f103xb.o
    0x080000ec   0x080000ec   0x00000008   Code   RO         6642  * !!!main             c_w.l(__main.o)
    0x080000f4   0x080000f4   0x00000034   Code   RO         6845    !!!scatter          c_w.l(__scatter.o)
    0x08000128   0x08000128   0x0000001a   Code   RO         6847    !!handler_copy      c_w.l(__scatter_copy.o)
    0x08000142   0x08000142   0x00000002   PAD
    0x08000144   0x08000144   0x0000001c   Code   RO         6849    !!handler_zi        c_w.l(__scatter_zi.o)
    0x08000160   0x08000160   0x00000000   Code   RO         6635    .ARM.Collect$$_printf_percent$$00000000  c_w.l(_printf_percent.o)
    0x08000160   0x08000160   0x00000006   Code   RO         6634    .ARM.Collect$$_printf_percent$$0000000A  c_w.l(_printf_u.o)
    0x08000166   0x08000166   0x00000004   Code   RO         6679    .ARM.Collect$$_printf_percent$$00000017  c_w.l(_printf_percent_end.o)
    0x0800016a   0x0800016a   0x00000002   Code   RO         6715    .ARM.Collect$$libinit$$00000000  c_w.l(libinit.o)
    0x0800016c   0x0800016c   0x00000000   Code   RO         6722    .ARM.Collect$$libinit$$00000002  c_w.l(libinit2.o)
    0x0800016c   0x0800016c   0x00000000   Code   RO         6724    .ARM.Collect$$libinit$$00000004  c_w.l(libinit2.o)
    0x0800016c   0x0800016c   0x00000000   Code   RO         6727    .ARM.Collect$$libinit$$0000000A  c_w.l(libinit2.o)
    0x0800016c   0x0800016c   0x00000000   Code   RO         6729    .ARM.Collect$$libinit$$0000000C  c_w.l(libinit2.o)
    0x0800016c   0x0800016c   0x00000000   Code   RO         6731    .ARM.Collect$$libinit$$0000000E  c_w.l(libinit2.o)
    0x0800016c   0x0800016c   0x00000000   Code   RO         6734    .ARM.Collect$$libinit$$00000011  c_w.l(libinit2.o)
    0x0800016c   0x0800016c   0x00000000   Code   RO         6736    .ARM.Collect$$libinit$$00000013  c_w.l(libinit2.o)
    0x0800016c   0x0800016c   0x00000000   Code   RO         6738    .ARM.Collect$$libinit$$00000015  c_w.l(libinit2.o)
    0x0800016c   0x0800016c   0x00000000   Code   RO         6740    .ARM.Collect$$libinit$$00000017  c_w.l(libinit2.o)
    0x0800016c   0x0800016c   0x00000000   Code   RO         6742    .ARM.Collect$$libinit$$00000019  c_w.l(libinit2.o)
    0x0800016c   0x0800016c   0x00000000   Code   RO         6744    .ARM.Collect$$libinit$$0000001B  c_w.l(libinit2.o)
    0x0800016c   0x0800016c   0x00000000   Code   RO         6746    .ARM.Collect$$libinit$$0000001D  c_w.l(libinit2.o)
    0x0800016c   0x0800016c   0x00000000   Code   RO         6748    .ARM.Collect$$libinit$$0000001F  c_w.l(libinit2.o)
    0x0800016c   0x0800016c   0x00000000   Code   RO         6750    .ARM.Collect$$libinit$$00000021  c_w.l(libinit2.o)
    0x0800016c   0x0800016c   0x00000000   Code   RO         6752    .ARM.Collect$$libinit$$00000023  c_w.l(libinit2.o)
    0x0800016c   0x0800016c   0x00000000   Code   RO         6754    .ARM.Collect$$libinit$$00000025  c_w.l(libinit2.o)
    0x0800016c   0x0800016c   0x00000000   Code   RO         6758    .ARM.Collect$$libinit$$0000002C  c_w.l(libinit2.o)
    0x0800016c   0x0800016c   0x00000000   Code   RO         6760    .ARM.Collect$$libinit$$0000002E  c_w.l(libinit2.o)
    0x0800016c   0x0800016c   0x00000000   Code   RO         6762    .ARM.Collect$$libinit$$00000030  c_w.l(libinit2.o)
    0x0800016c   0x0800016c   0x00000000   Code   RO         6764    .ARM.Collect$$libinit$$00000032  c_w.l(libinit2.o)
    0x0800016c   0x0800016c   0x00000002   Code   RO         6765    .ARM.Collect$$libinit$$00000033  c_w.l(libinit2.o)
    0x0800016e   0x0800016e   0x00000002   Code   RO         6785    .ARM.Collect$$libshutdown$$00000000  c_w.l(libshutdown.o)
    0x08000170   0x08000170   0x00000000   Code   RO         6798    .ARM.Collect$$libshutdown$$00000002  c_w.l(libshutdown2.o)
    0x08000170   0x08000170   0x00000000   Code   RO         6800    .ARM.Collect$$libshutdown$$00000004  c_w.l(libshutdown2.o)
    0x08000170   0x08000170   0x00000000   Code   RO         6803    .ARM.Collect$$libshutdown$$00000007  c_w.l(libshutdown2.o)
    0x08000170   0x08000170   0x00000000   Code   RO         6806    .ARM.Collect$$libshutdown$$0000000A  c_w.l(libshutdown2.o)
    0x08000170   0x08000170   0x00000000   Code   RO         6808    .ARM.Collect$$libshutdown$$0000000C  c_w.l(libshutdown2.o)
    0x08000170   0x08000170   0x00000000   Code   RO         6811    .ARM.Collect$$libshutdown$$0000000F  c_w.l(libshutdown2.o)
    0x08000170   0x08000170   0x00000002   Code   RO         6812    .ARM.Collect$$libshutdown$$00000010  c_w.l(libshutdown2.o)
    0x08000172   0x08000172   0x00000000   Code   RO         6670    .ARM.Collect$$rtentry$$00000000  c_w.l(__rtentry.o)
    0x08000172   0x08000172   0x00000000   Code   RO         6690    .ARM.Collect$$rtentry$$00000002  c_w.l(__rtentry2.o)
    0x08000172   0x08000172   0x00000006   Code   RO         6702    .ARM.Collect$$rtentry$$00000004  c_w.l(__rtentry4.o)
    0x08000178   0x08000178   0x00000000   Code   RO         6692    .ARM.Collect$$rtentry$$00000009  c_w.l(__rtentry2.o)
    0x08000178   0x08000178   0x00000004   Code   RO         6693    .ARM.Collect$$rtentry$$0000000A  c_w.l(__rtentry2.o)
    0x0800017c   0x0800017c   0x00000000   Code   RO         6695    .ARM.Collect$$rtentry$$0000000C  c_w.l(__rtentry2.o)
    0x0800017c   0x0800017c   0x00000008   Code   RO         6696    .ARM.Collect$$rtentry$$0000000D  c_w.l(__rtentry2.o)
    0x08000184   0x08000184   0x00000002   Code   RO         6719    .ARM.Collect$$rtexit$$00000000  c_w.l(rtexit.o)
    0x08000186   0x08000186   0x00000000   Code   RO         6767    .ARM.Collect$$rtexit$$00000002  c_w.l(rtexit2.o)
    0x08000186   0x08000186   0x00000004   Code   RO         6768    .ARM.Collect$$rtexit$$00000003  c_w.l(rtexit2.o)
    0x0800018a   0x0800018a   0x00000006   Code   RO         6769    .ARM.Collect$$rtexit$$00000004  c_w.l(rtexit2.o)
    0x08000190   0x08000190   0x00000040   Code   RO         6133    .text               startup_stm32f103xb.o
    0x080001d0   0x080001d0   0x00000034   Code   RO         6607    .text               c_w.l(noretval__2snprintf.o)
    0x08000204   0x08000204   0x00000068   Code   RO         6609    .text               c_w.l(__printf.o)
    0x0800026c   0x0800026c   0x00000078   Code   RO         6611    .text               c_w.l(_printf_dec.o)
    0x080002e4   0x080002e4   0x0000003e   Code   RO         6636    .text               c_w.l(strlen.o)
    0x08000322   0x08000322   0x00000006   Code   RO         6640    .text               c_w.l(heapauxi.o)
    0x08000328   0x08000328   0x000000b2   Code   RO         6671    .text               c_w.l(_printf_intcommon.o)
    0x080003da   0x080003da   0x00000002   PAD
    0x080003dc   0x080003dc   0x00000030   Code   RO         6673    .text               c_w.l(_printf_char_common.o)
    0x0800040c   0x0800040c   0x0000000a   Code   RO         6675    .text               c_w.l(_sputc.o)
    0x08000416   0x08000416   0x00000010   Code   RO         6677    .text               c_w.l(_snputc.o)
    0x08000426   0x08000426   0x0000004a   Code   RO         6706    .text               c_w.l(sys_stackheap_outer.o)
    0x08000470   0x08000470   0x00000012   Code   RO         6708    .text               c_w.l(exit.o)
    0x08000482   0x08000482   0x00000002   PAD
    0x08000484   0x08000484   0x00000008   Code   RO         6716    .text               c_w.l(libspace.o)
    0x0800048c   0x0800048c   0x0000000c   Code   RO         6777    .text               c_w.l(sys_exit.o)
    0x08000498   0x08000498   0x00000002   Code   RO         6788    .text               c_w.l(use_no_semi.o)
    0x0800049a   0x0800049a   0x00000000   Code   RO         6790    .text               c_w.l(indicate_semi.o)
    0x0800049a   0x0800049a   0x00000052   Code   RO          553    i.ADC_ConversionStop_Disable  stm32f1xx_hal_adc.o
    0x080004ec   0x080004ec   0x00000084   Code   RO          557    i.ADC_Enable        stm32f1xx_hal_adc.o
    0x08000570   0x08000570   0x000000d0   Code   RO         6412    i.DHT11_CheckState  dht11.o
    0x08000640   0x08000640   0x00000044   Code   RO         6413    i.DHT11_Free        dht11.o
    0x08000684   0x08000684   0x00000040   Code   RO         6414    i.DHT11_Init        dht11.o
    0x080006c4   0x080006c4   0x00000050   Code   RO         6415    i.DHT11_ReadByte    dht11.o
    0x08000714   0x08000714   0x00000070   Code   RO         6416    i.DHT11_ReadData    dht11.o
    0x08000784   0x08000784   0x00000160   Code   RO          559    i.HAL_ADC_ConfigChannel  stm32f1xx_hal_adc.o
    0x080008e4   0x080008e4   0x00000008   Code   RO          566    i.HAL_ADC_GetValue  stm32f1xx_hal_adc.o
    0x080008ec   0x080008ec   0x00000144   Code   RO          568    i.HAL_ADC_Init      stm32f1xx_hal_adc.o
    0x08000a30   0x08000a30   0x00000068   Code   RO         6503    i.HAL_ADC_MspInit   mq4.o
    0x08000a98   0x08000a98   0x00000170   Code   RO          572    i.HAL_ADC_PollForConversion  stm32f1xx_hal_adc.o
    0x08000c08   0x08000c08   0x00000130   Code   RO          574    i.HAL_ADC_Start     stm32f1xx_hal_adc.o
    0x08000d38   0x08000d38   0x00000040   Code   RO          577    i.HAL_ADC_Stop      stm32f1xx_hal_adc.o
    0x08000d78   0x08000d78   0x00000320   Code   RO         1700    i.HAL_GPIO_Init     stm32f1xx_hal_gpio.o
    0x08001098   0x08001098   0x00000010   Code   RO         1702    i.HAL_GPIO_ReadPin  stm32f1xx_hal_gpio.o
    0x080010a8   0x080010a8   0x0000000c   Code   RO         1704    i.HAL_GPIO_WritePin  stm32f1xx_hal_gpio.o
    0x080010b4   0x080010b4   0x0000000c   Code   RO          238    i.HAL_GetTick       stm32f1xx_hal.o
    0x080010c0   0x080010c0   0x00000170   Code   RO         1841    i.HAL_I2C_Master_Transmit  stm32f1xx_hal_i2c.o
    0x08001230   0x08001230   0x00000018   Code   RO          244    i.HAL_IncTick       stm32f1xx_hal.o
    0x08001248   0x08001248   0x00000028   Code   RO          245    i.HAL_Init          stm32f1xx_hal.o
    0x08001270   0x08001270   0x0000004c   Code   RO          246    i.HAL_InitTick      stm32f1xx_hal.o
    0x080012bc   0x080012bc   0x00000002   Code   RO         2629    i.HAL_MspInit       stm32f1xx_hal_msp_template.o
    0x080012be   0x080012be   0x0000007c   Code   RO         1093    i.HAL_NVIC_SetPriority  stm32f1xx_hal_cortex.o
    0x0800133a   0x0800133a   0x00000002   PAD
    0x0800133c   0x0800133c   0x00000028   Code   RO         1094    i.HAL_NVIC_SetPriorityGrouping  stm32f1xx_hal_cortex.o
    0x08001364   0x08001364   0x00000118   Code   RO         3214    i.HAL_RCCEx_GetPeriphCLKFreq  stm32f1xx_hal_rcc_ex.o
    0x0800147c   0x0800147c   0x0000018c   Code   RO         3107    i.HAL_RCC_ClockConfig  stm32f1xx_hal_rcc.o
    0x08001608   0x08001608   0x0000000c   Code   RO         3112    i.HAL_RCC_GetHCLKFreq  stm32f1xx_hal_rcc.o
    0x08001614   0x08001614   0x00000020   Code   RO         3114    i.HAL_RCC_GetPCLK1Freq  stm32f1xx_hal_rcc.o
    0x08001634   0x08001634   0x00000020   Code   RO         3115    i.HAL_RCC_GetPCLK2Freq  stm32f1xx_hal_rcc.o
    0x08001654   0x08001654   0x00000094   Code   RO         3116    i.HAL_RCC_GetSysClockFreq  stm32f1xx_hal_rcc.o
    0x080016e8   0x080016e8   0x00000464   Code   RO         3119    i.HAL_RCC_OscConfig  stm32f1xx_hal_rcc.o
    0x08001b4c   0x08001b4c   0x00000034   Code   RO         1098    i.HAL_SYSTICK_Config  stm32f1xx_hal_cortex.o
    0x08001b80   0x08001b80   0x00000034   Code   RO         4155    i.HAL_TIM_Base_Init  stm32f1xx_hal_tim.o
    0x08001bb4   0x08001bb4   0x00000002   Code   RO         4157    i.HAL_TIM_Base_MspInit  stm32f1xx_hal_tim.o
    0x08001bb6   0x08001bb6   0x0000002a   Code   RO         4158    i.HAL_TIM_Base_Start  stm32f1xx_hal_tim.o
    0x08001be0   0x08001be0   0x00000072   Code   RO         5117    i.HAL_UART_Init     stm32f1xx_hal_uart.o
    0x08001c52   0x08001c52   0x00000002   PAD
    0x08001c54   0x08001c54   0x00000084   Code   RO         6546    i.HAL_UART_MspInit  uart_init.o
    0x08001cd8   0x08001cd8   0x000000d6   Code   RO         5125    i.HAL_UART_Transmit  stm32f1xx_hal_uart.o
    0x08001dae   0x08001dae   0x00000002   Code   RO         6177    i.HardFault_Handler  stm32f1xx_it.o
    0x08001db0   0x08001db0   0x0000003e   Code   RO         1871    i.I2C_IsAcknowledgeFailed  stm32f1xx_hal_i2c.o
    0x08001dee   0x08001dee   0x00000002   PAD
    0x08001df0   0x08001df0   0x000000ac   Code   RO         1875    i.I2C_MasterRequestWrite  stm32f1xx_hal_i2c.o
    0x08001e9c   0x08001e9c   0x0000005c   Code   RO         1890    i.I2C_WaitOnBTFFlagUntilTimeout  stm32f1xx_hal_i2c.o
    0x08001ef8   0x08001ef8   0x00000086   Code   RO         1891    i.I2C_WaitOnFlagUntilTimeout  stm32f1xx_hal_i2c.o
    0x08001f7e   0x08001f7e   0x000000c4   Code   RO         1892    i.I2C_WaitOnMasterAddressFlagUntilTimeout  stm32f1xx_hal_i2c.o
    0x08002042   0x08002042   0x0000005c   Code   RO         1895    i.I2C_WaitOnTXEFlagUntilTimeout  stm32f1xx_hal_i2c.o
    0x0800209e   0x0800209e   0x00000002   PAD
    0x080020a0   0x080020a0   0x00000068   Code   RO         6504    i.MQ4_ADC_Init      mq4.o
    0x08002108   0x08002108   0x000000b8   Code   RO         6505    i.MQ4_GO            mq4.o
    0x080021c0   0x080021c0   0x00000030   Code   RO         6547    i.MX_USART1_UART_Init  uart_init.o
    0x080021f0   0x080021f0   0x00000002   Code   RO         6178    i.NMI_Handler       stm32f1xx_it.o
    0x080021f2   0x080021f2   0x00000014   Code   RO         6301    i.OLED_Pow          oled.o
    0x08002206   0x08002206   0x00000022   Code   RO         6302    i.OLED_SetCursor    oled.o
    0x08002228   0x08002228   0x00000074   Code   RO         6304    i.OLED_ShowChar     oled.o
    0x0800229c   0x0800229c   0x00000044   Code   RO         6306    i.OLED_ShowNum      oled.o
    0x080022e0   0x080022e0   0x00000028   Code   RO         6308    i.OLED_ShowString   oled.o
    0x08002308   0x08002308   0x00000024   Code   RO         6309    i.OLED_WriteCommand  oled.o
    0x0800232c   0x0800232c   0x0000002c   Code   RO         6310    i.OLED_WriteData    oled.o
    0x08002358   0x08002358   0x00000002   Code   RO         6179    i.PendSV_Handler    stm32f1xx_it.o
    0x0800235a   0x0800235a   0x00000002   PAD
    0x0800235c   0x0800235c   0x00000028   Code   RO         3120    i.RCC_Delay         stm32f1xx_hal_rcc.o
    0x08002384   0x08002384   0x00000046   Code   RO         6228    i.Rcc_HSE           rcc_hse.o
    0x080023ca   0x080023ca   0x00000002   Code   RO         6180    i.SVC_Handler       stm32f1xx_it.o
    0x080023cc   0x080023cc   0x00000008   Code   RO         6181    i.SysTick_Handler   stm32f1xx_it.o
    0x080023d4   0x080023d4   0x00000058   Code   RO         6141    i.SystemInit        system_stm32f1xx.o
    0x0800242c   0x0800242c   0x00000050   Code   RO         6464    i.TIM2_Init         delay.o
    0x0800247c   0x0800247c   0x00000074   Code   RO         4243    i.TIM_Base_SetConfig  stm32f1xx_hal_tim.o
    0x080024f0   0x080024f0   0x0000001c   Code   RO         6548    i.UART1_SendData    uart_init.o
    0x0800250c   0x0800250c   0x0000003c   Code   RO         6549    i.UART_SendABC      uart_init.o
    0x08002548   0x08002548   0x000001a0   Code   RO         5144    i.UART_SetConfig    stm32f1xx_hal_uart.o
    0x080026e8   0x080026e8   0x0000006c   Code   RO         5146    i.UART_WaitOnFlagUntilTimeout  stm32f1xx_hal_uart.o
    0x08002754   0x08002754   0x00000010   Code   RO         1100    i.__NVIC_GetPriorityGrouping  stm32f1xx_hal_cortex.o
    0x08002764   0x08002764   0x00000028   Code   RO         1101    i.__NVIC_SetPriority  stm32f1xx_hal_cortex.o
    0x0800278c   0x0800278c   0x0000001a   Code   RO         6465    i.delay_ms          delay.o
    0x080027a6   0x080027a6   0x00000002   PAD
    0x080027a8   0x080027a8   0x0000001c   Code   RO         6466    i.delay_us          delay.o
    0x080027c4   0x080027c4   0x00000060   Code   RO            4    i.main              main.o
    0x08002824   0x08002824   0x00000062   Code   RO         6644    x$fpl$d2f           fz_ws.l(d2f.o)
    0x08002886   0x08002886   0x00000002   PAD
    0x08002888   0x08002888   0x00000150   Code   RO         6646    x$fpl$dadd          fz_ws.l(daddsub_clz.o)
    0x080029d8   0x080029d8   0x000002b0   Code   RO         6653    x$fpl$ddiv          fz_ws.l(ddiv.o)
    0x08002c88   0x08002c88   0x0000005a   Code   RO         6656    x$fpl$dfixu         fz_ws.l(dfixu.o)
    0x08002ce2   0x08002ce2   0x00000002   PAD
    0x08002ce4   0x08002ce4   0x00000154   Code   RO         6660    x$fpl$dmul          fz_ws.l(dmul.o)
    0x08002e38   0x08002e38   0x0000009c   Code   RO         6680    x$fpl$dnaninf       fz_ws.l(dnaninf.o)
    0x08002ed4   0x08002ed4   0x0000000c   Code   RO         6682    x$fpl$dretinf       fz_ws.l(dretinf.o)
    0x08002ee0   0x08002ee0   0x000001d4   Code   RO         6648    x$fpl$dsub          fz_ws.l(daddsub_clz.o)
    0x080030b4   0x080030b4   0x00000056   Code   RO         6662    x$fpl$f2d           fz_ws.l(f2d.o)
    0x0800310a   0x0800310a   0x00000002   PAD
    0x0800310c   0x0800310c   0x00000030   Code   RO         6665    x$fpl$fflt          fz_ws.l(fflt_clz.o)
    0x0800313c   0x0800313c   0x0000008c   Code   RO         6684    x$fpl$fnaninf       fz_ws.l(fnaninf.o)
    0x080031c8   0x080031c8   0x0000000a   Code   RO         6686    x$fpl$fretinf       fz_ws.l(fretinf.o)
    0x080031d2   0x080031d2   0x00000000   Code   RO         6688    x$fpl$usenofp       fz_ws.l(usenofp.o)
    0x080031d2   0x080031d2   0x00000018   Data   RO         6142    .constdata          system_stm32f1xx.o
    0x080031ea   0x080031ea   0x000005f0   Data   RO         6311    .constdata          oled.o
    0x080037da   0x080037da   0x00000002   PAD
    0x080037dc   0x080037dc   0x00000020   Data   RO         6843    Region$$Table       anon$$obj.o


    Execution Region RW_IRAM1 (Exec base: 0x20000000, Load base: 0x080037fc, Size: 0x00000800, Max: 0x00005000, ABSOLUTE)

    Exec Addr    Load Addr    Size         Type   Attr      Idx    E Section Name        Object

    0x20000000   0x080037fc   0x0000000a   Data   RW            5    .data               main.o
    0x2000000a   0x08003806   0x00000002   PAD
    0x2000000c   0x08003808   0x00000009   Data   RW          252    .data               stm32f1xx_hal.o
    0x20000015   0x08003811   0x00000003   PAD
    0x20000018   0x08003814   0x00000004   Data   RW         6143    .data               system_stm32f1xx.o
    0x2000001c   0x08003818   0x00000002   Data   RW         6418    .data               dht11.o
    0x2000001e   0x0800381a   0x00000002   PAD
    0x20000020   0x0800381c   0x00000008   Data   RW         6507    .data               mq4.o
    0x20000028        -       0x000000a8   Zero   RW         6258    .bss                iic_init.o
    0x200000d0        -       0x00000020   Zero   RW         6417    .bss                dht11.o
    0x200000f0        -       0x00000040   Zero   RW         6467    .bss                delay.o
    0x20000130        -       0x00000030   Zero   RW         6506    .bss                mq4.o
    0x20000160        -       0x00000040   Zero   RW         6551    .bss                uart_init.o
    0x200001a0        -       0x00000060   Zero   RW         6717    .bss                c_w.l(libspace.o)
    0x20000200        -       0x00000200   Zero   RW         6131    HEAP                startup_stm32f103xb.o
    0x20000400        -       0x00000400   Zero   RW         6130    STACK               startup_stm32f103xb.o


==============================================================================

Image component sizes


      Code (inc. data)   RO Data    RW Data    ZI Data      Debug   Object Name

       134         14          0          0         64       2194   delay.o
       532         64          0          2         32       3788   dht11.o
         0          0          0          0        168        300   iic_init.o
        96         14          0         10          0     377100   main.o
       392         60          0          8         48       2655   mq4.o
       358         22       1520          0          0       4775   oled.o
        70          0          0          0          0        586   rcc_hse.o
        64         26        236          0       1536        820   startup_stm32f103xb.o
       152         32          0          9          0     443217   stm32f1xx_hal.o
      1634         62          0          0          0       6843   stm32f1xx_hal_adc.o
       272         22          0          0          0      28610   stm32f1xx_hal_cortex.o
       828         34          0          0          0       3287   stm32f1xx_hal_gpio.o
      1116         14          0          0          0       6866   stm32f1xx_hal_i2c.o
         2          0          0          0          0        466   stm32f1xx_hal_msp_template.o
      1784        110          0          0          0       5860   stm32f1xx_hal_rcc.o
       280         32          0          0          0       1441   stm32f1xx_hal_rcc_ex.o
       212         12          0          0          0       2905   stm32f1xx_hal_tim.o
       852          4          0          0          0       3524   stm32f1xx_hal_uart.o
        16          0          0          0          0       2227   stm32f1xx_it.o
        88         18         24          4          0       1403   system_stm32f1xx.o
       268         40          0          0         64       3286   uart_init.o

    ----------------------------------------------------------------------
      9162        580       1814         40       1912     902153   Object Totals
         0          0         32          0          0          0   (incl. Generated)
        12          0          2          7          0          0   (incl. Padding)

    ----------------------------------------------------------------------

      Code (inc. data)   RO Data    RW Data    ZI Data      Debug   Library Member Name

         8          0          0          0          0         68   __main.o
       104          0          0          0          0         84   __printf.o
         0          0          0          0          0          0   __rtentry.o
        12          0          0          0          0          0   __rtentry2.o
         6          0          0          0          0          0   __rtentry4.o
        52          8          0          0          0          0   __scatter.o
        26          0          0          0          0          0   __scatter_copy.o
        28          0          0          0          0          0   __scatter_zi.o
        48          6          0          0          0         96   _printf_char_common.o
       120         16          0          0          0         92   _printf_dec.o
       178          0          0          0          0         88   _printf_intcommon.o
         0          0          0          0          0          0   _printf_percent.o
         4          0          0          0          0          0   _printf_percent_end.o
         6          0          0          0          0          0   _printf_u.o
        16          0          0          0          0         68   _snputc.o
        10          0          0          0          0         68   _sputc.o
        18          0          0          0          0         80   exit.o
         6          0          0          0          0        152   heapauxi.o
         0          0          0          0          0          0   indicate_semi.o
         2          0          0          0          0          0   libinit.o
         2          0          0          0          0          0   libinit2.o
         2          0          0          0          0          0   libshutdown.o
         2          0          0          0          0          0   libshutdown2.o
         8          4          0          0         96         68   libspace.o
        52          4          0          0          0         84   noretval__2snprintf.o
         2          0          0          0          0          0   rtexit.o
        10          0          0          0          0          0   rtexit2.o
        62          0          0          0          0         76   strlen.o
        12          4          0          0          0         68   sys_exit.o
        74          0          0          0          0         80   sys_stackheap_outer.o
         2          0          0          0          0         68   use_no_semi.o
        98          4          0          0          0         92   d2f.o
       804         16          0          0          0        272   daddsub_clz.o
       688        140          0          0          0        208   ddiv.o
        90          4          0          0          0         92   dfixu.o
       340         12          0          0          0        104   dmul.o
       156          4          0          0          0         92   dnaninf.o
        12          0          0          0          0         68   dretinf.o
        86          4          0          0          0         84   f2d.o
        48          0          0          0          0         68   fflt_clz.o
       140          4          0          0          0         84   fnaninf.o
        10          0          0          0          0         68   fretinf.o
         0          0          0          0          0          0   usenofp.o

    ----------------------------------------------------------------------
      3356        230          0          0         96       2472   Library Totals
        12          0          0          0          0          0   (incl. Padding)

    ----------------------------------------------------------------------

      Code (inc. data)   RO Data    RW Data    ZI Data      Debug   Library Name

       872         42          0          0         96       1240   c_w.l
      2472        188          0          0          0       1232   fz_ws.l

    ----------------------------------------------------------------------
      3356        230          0          0         96       2472   Library Totals

    ----------------------------------------------------------------------

==============================================================================


      Code (inc. data)   RO Data    RW Data    ZI Data      Debug   

     12518        810       1814         40       2008     899837   Grand Totals
     12518        810       1814         40       2008     899837   ELF Image Totals
     12518        810       1814         40          0          0   ROM Totals

==============================================================================

    Total RO  Size (Code + RO Data)                14332 (  14.00kB)
    Total RW  Size (RW Data + ZI Data)              2048 (   2.00kB)
    Total ROM Size (Code + RO Data + RW Data)      14372 (  14.04kB)

==============================================================================

